Archive member included to satisfy reference by file (symbol)

C:/ST/STM32CubeIDE_1.17.0/STM32CubeIDE/plugins/com.st.stm32cube.ide.mcu.externaltools.gnu-tools-for-stm32.13.3.rel1.win32_1.0.0.202411081344/tools/bin/../lib/gcc/arm-none-eabi/13.3.1/../../../../arm-none-eabi/lib/thumb/v7e-m+fp/hard\libc_nano.a(libc_a-exit.o)
                              C:/ST/STM32CubeIDE_1.17.0/STM32CubeIDE/plugins/com.st.stm32cube.ide.mcu.externaltools.gnu-tools-for-stm32.13.3.rel1.win32_1.0.0.202411081344/tools/bin/../lib/gcc/arm-none-eabi/13.3.1/../../../../arm-none-eabi/lib/thumb/v7e-m+fp/hard/crt0.o (exit)
C:/ST/STM32CubeIDE_1.17.0/STM32CubeIDE/plugins/com.st.stm32cube.ide.mcu.externaltools.gnu-tools-for-stm32.13.3.rel1.win32_1.0.0.202411081344/tools/bin/../lib/gcc/arm-none-eabi/13.3.1/../../../../arm-none-eabi/lib/thumb/v7e-m+fp/hard\libc_nano.a(libc_a-findfp.o)
                              C:/ST/STM32CubeIDE_1.17.0/STM32CubeIDE/plugins/com.st.stm32cube.ide.mcu.externaltools.gnu-tools-for-stm32.13.3.rel1.win32_1.0.0.202411081344/tools/bin/../lib/gcc/arm-none-eabi/13.3.1/../../../../arm-none-eabi/lib/thumb/v7e-m+fp/hard\libc_nano.a(libc_a-exit.o) (__stdio_exit_handler)
C:/ST/STM32CubeIDE_1.17.0/STM32CubeIDE/plugins/com.st.stm32cube.ide.mcu.externaltools.gnu-tools-for-stm32.13.3.rel1.win32_1.0.0.202411081344/tools/bin/../lib/gcc/arm-none-eabi/13.3.1/../../../../arm-none-eabi/lib/thumb/v7e-m+fp/hard\libc_nano.a(libc_a-fwalk.o)
                              C:/ST/STM32CubeIDE_1.17.0/STM32CubeIDE/plugins/com.st.stm32cube.ide.mcu.externaltools.gnu-tools-for-stm32.13.3.rel1.win32_1.0.0.202411081344/tools/bin/../lib/gcc/arm-none-eabi/13.3.1/../../../../arm-none-eabi/lib/thumb/v7e-m+fp/hard\libc_nano.a(libc_a-findfp.o) (_fwalk_sglue)
C:/ST/STM32CubeIDE_1.17.0/STM32CubeIDE/plugins/com.st.stm32cube.ide.mcu.externaltools.gnu-tools-for-stm32.13.3.rel1.win32_1.0.0.202411081344/tools/bin/../lib/gcc/arm-none-eabi/13.3.1/../../../../arm-none-eabi/lib/thumb/v7e-m+fp/hard\libc_nano.a(libc_a-stdio.o)
                              C:/ST/STM32CubeIDE_1.17.0/STM32CubeIDE/plugins/com.st.stm32cube.ide.mcu.externaltools.gnu-tools-for-stm32.13.3.rel1.win32_1.0.0.202411081344/tools/bin/../lib/gcc/arm-none-eabi/13.3.1/../../../../arm-none-eabi/lib/thumb/v7e-m+fp/hard\libc_nano.a(libc_a-findfp.o) (__sread)
C:/ST/STM32CubeIDE_1.17.0/STM32CubeIDE/plugins/com.st.stm32cube.ide.mcu.externaltools.gnu-tools-for-stm32.13.3.rel1.win32_1.0.0.202411081344/tools/bin/../lib/gcc/arm-none-eabi/13.3.1/../../../../arm-none-eabi/lib/thumb/v7e-m+fp/hard\libc_nano.a(libc_a-memset.o)
                              C:/ST/STM32CubeIDE_1.17.0/STM32CubeIDE/plugins/com.st.stm32cube.ide.mcu.externaltools.gnu-tools-for-stm32.13.3.rel1.win32_1.0.0.202411081344/tools/bin/../lib/gcc/arm-none-eabi/13.3.1/../../../../arm-none-eabi/lib/thumb/v7e-m+fp/hard/crt0.o (memset)
C:/ST/STM32CubeIDE_1.17.0/STM32CubeIDE/plugins/com.st.stm32cube.ide.mcu.externaltools.gnu-tools-for-stm32.13.3.rel1.win32_1.0.0.202411081344/tools/bin/../lib/gcc/arm-none-eabi/13.3.1/../../../../arm-none-eabi/lib/thumb/v7e-m+fp/hard\libc_nano.a(libc_a-closer.o)
                              C:/ST/STM32CubeIDE_1.17.0/STM32CubeIDE/plugins/com.st.stm32cube.ide.mcu.externaltools.gnu-tools-for-stm32.13.3.rel1.win32_1.0.0.202411081344/tools/bin/../lib/gcc/arm-none-eabi/13.3.1/../../../../arm-none-eabi/lib/thumb/v7e-m+fp/hard\libc_nano.a(libc_a-stdio.o) (_close_r)
C:/ST/STM32CubeIDE_1.17.0/STM32CubeIDE/plugins/com.st.stm32cube.ide.mcu.externaltools.gnu-tools-for-stm32.13.3.rel1.win32_1.0.0.202411081344/tools/bin/../lib/gcc/arm-none-eabi/13.3.1/../../../../arm-none-eabi/lib/thumb/v7e-m+fp/hard\libc_nano.a(libc_a-reent.o)
                              C:/ST/STM32CubeIDE_1.17.0/STM32CubeIDE/plugins/com.st.stm32cube.ide.mcu.externaltools.gnu-tools-for-stm32.13.3.rel1.win32_1.0.0.202411081344/tools/bin/../lib/gcc/arm-none-eabi/13.3.1/../../../../arm-none-eabi/lib/thumb/v7e-m+fp/hard\libc_nano.a(libc_a-closer.o) (errno)
C:/ST/STM32CubeIDE_1.17.0/STM32CubeIDE/plugins/com.st.stm32cube.ide.mcu.externaltools.gnu-tools-for-stm32.13.3.rel1.win32_1.0.0.202411081344/tools/bin/../lib/gcc/arm-none-eabi/13.3.1/../../../../arm-none-eabi/lib/thumb/v7e-m+fp/hard\libc_nano.a(libc_a-impure.o)
                              C:/ST/STM32CubeIDE_1.17.0/STM32CubeIDE/plugins/com.st.stm32cube.ide.mcu.externaltools.gnu-tools-for-stm32.13.3.rel1.win32_1.0.0.202411081344/tools/bin/../lib/gcc/arm-none-eabi/13.3.1/../../../../arm-none-eabi/lib/thumb/v7e-m+fp/hard\libc_nano.a(libc_a-reent.o) (_impure_ptr)
C:/ST/STM32CubeIDE_1.17.0/STM32CubeIDE/plugins/com.st.stm32cube.ide.mcu.externaltools.gnu-tools-for-stm32.13.3.rel1.win32_1.0.0.202411081344/tools/bin/../lib/gcc/arm-none-eabi/13.3.1/../../../../arm-none-eabi/lib/thumb/v7e-m+fp/hard\libc_nano.a(libc_a-lseekr.o)
[...]
Memory Configuration

Name             Origin             Length             Attributes
RAM              0x20000000         0x00008000         xrw
FLASH            0x08000000         0x00020000         xr
*default*        0x00000000         0xffffffff

Linker script and memory map

LOAD C:/ST/STM32CubeIDE_1.17.0/STM32CubeIDE/plugins/com.st.stm32cube.ide.mcu.externaltools.gnu-tools-for-stm32.13.3.rel1.win32_1.0.0.202411081344/tools/bin/../lib/gcc/arm-none-eabi/13.3.1/thumb/v7e-m+fp/hard/crti.o
LOAD C:/ST/STM32CubeIDE_1.17.0/STM32CubeIDE/plugins/com.st.stm32cube.ide.mcu.externaltools.gnu-tools-for-stm32.13.3.rel1.win32_1.0.0.202411081344/tools/bin/../lib/gcc/arm-none-eabi/13.3.1/thumb/v7e-m+fp/hard/crtbegin.o
LOAD C:/ST/STM32CubeIDE_1.17.0/STM32CubeIDE/plugins/com.st.stm32cube.ide.mcu.externaltools.gnu-tools-for-stm32.13.3.rel1.win32_1.0.0.202411081344/tools/bin/../lib/gcc/arm-none-eabi/13.3.1/../../../../arm-none-eabi/lib/thumb/v7e-m+fp/hard/crt0.o
LOAD ./Core/Src/i2c_dma_sens.o
LOAD ./Core/Src/main.o
LOAD ./Core/Src/nslp_dma.o
LOAD ./Core/Src/stm32g4xx_hal_msp.o
LOAD ./Core/Src/stm32g4xx_it.o
LOAD ./Core/Src/syscalls.o
LOAD ./Core/Src/sysmem.o
LOAD ./Core/Src/system_stm32g4xx.o
LOAD ./Core/Src/valve.o
LOAD ./Core/Startup/startup_stm32g431rbtx.o
LOAD ./Drivers/STM32G4xx_HAL_Driver/Src/stm32g4xx_hal.o
LOAD ./Drivers/STM32G4xx_HAL_Driver/Src/stm32g4xx_hal_cortex.o
LOAD ./Drivers/STM32G4xx_HAL_Driver/Src/stm32g4xx_hal_crc.o
LOAD ./Drivers/STM32G4xx_HAL_Driver/Src/stm32g4xx_hal_crc_ex.o
LOAD ./Drivers/STM32G4xx_HAL_Driver/Src/stm32g4xx_hal_dma.o
LOAD ./Drivers/STM32G4xx_HAL_Driver/Src/stm32g4xx_hal_dma_ex.o
LOAD ./Drivers/STM32G4xx_HAL_Driver/Src/stm32g4xx_hal_exti.o
LOAD ./Drivers/STM32G4xx_HAL_Driver/Src/stm32g4xx_hal_flash.o
LOAD ./Drivers/STM32G4xx_HAL_Driver/Src/stm32g4xx_hal_flash_ex.o
LOAD ./Drivers/STM32G4xx_HAL_Driver/Src/stm32g4xx_hal_flash_ramfunc.o
LOAD ./Drivers/STM32G4xx_HAL_Driver/Src/stm32g4xx_hal_gpio.o
LOAD ./Drivers/STM32G4xx_HAL_Driver/Src/stm32g4xx_hal_i2c.o
LOAD ./Drivers/STM32G4xx_HAL_Driver/Src/stm32g4xx_hal_i2c_ex.o
LOAD ./Drivers/STM32G4xx_HAL_Driver/Src/stm32g4xx_hal_pwr.o
LOAD ./Drivers/STM32G4xx_HAL_Driver/Src/stm32g4xx_hal_pwr_ex.o
LOAD ./Drivers/STM32G4xx_HAL_Driver/Src/stm32g4xx_hal_rcc.o
LOAD ./Drivers/STM32G4xx_HAL_Driver/Src/stm32g4xx_hal_rcc_ex.o
LOAD ./Drivers/STM32G4xx_HAL_Driver/Src/stm32g4xx_hal_uart.o
LOAD ./Drivers/STM32G4xx_HAL_Driver/Src/stm32g4xx_hal_uart_ex.o
START GROUP
LOAD C:/ST/STM32CubeIDE_1.17.0/STM32CubeIDE/plugins/com.st.stm32cube.ide.mcu.externaltools.gnu-tools-for-stm32.13.3.rel1.win32_1.0.0.202411081344/tools/bin/../lib/gcc/arm-none-eabi/13.3.1/../../../../arm-none-eabi/lib/thumb/v7e-m+fp/hard\libstdc++_nano.a
LOAD C:/ST/STM32CubeIDE_1.17.0/STM32CubeIDE/plugins/com.st.stm32cube.ide.mcu.externaltools.gnu-tools-for-stm32.13.3.rel1.win32_1.0.0.202411081344/tools/bin/../lib/gcc/arm-none-eabi/13.3.1/../../../../arm-none-eabi/lib/thumb/v7e-m+fp/hard\libsupc++_nano.a
END GROUP
LOAD C:/ST/STM32CubeIDE_1.17.0/STM32CubeIDE/plugins/com.st.stm32cube.ide.mcu.externaltools.gnu-tools-for-stm32.13.3.rel1.win32_1.0.0.202411081344/tools/bin/../lib/gcc/arm-none-eabi/13.3.1/../../../../arm-none-eabi/lib/thumb/v7e-m+fp/hard\libstdc++_nano.a
LOAD C:/ST/STM32CubeIDE_1.17.0/STM32CubeIDE/plugins/com.st.stm32cube.ide.mcu.externaltools.gnu-tools-for-stm32.13.3.rel1.win32_1.0.0.202411081344/tools/bin/../lib/gcc/arm-none-eabi/13.3.1/../../../../arm-none-eabi/lib/thumb/v7e-m+fp/hard\libm.a
LOAD C:/ST/STM32CubeIDE_1.17.0/STM32CubeIDE/plugins/com.st.stm32cube.ide.mcu.externaltools.gnu-tools-for-stm32.13.3.rel1.win32_1.0.0.202411081344/tools/bin/../lib/gcc/arm-none-eabi/13.3.1/../../../../arm-none-eabi/lib/thumb/v7e-m+fp/hard\libc_nano.a
START GROUP
LOAD C:/ST/STM32CubeIDE_1.17.0/STM32CubeIDE/plugins/com.st.stm32cube.ide.mcu.externaltools.gnu-tools-for-stm32.13.3.rel1.win32_1.0.0.202411081344/tools/bin/../lib/gcc/arm-none-eabi/13.3.1/thumb/v7e-m+fp/hard\libgcc.a
LOAD C:/ST/STM32CubeIDE_1.17.0/STM32CubeIDE/plugins/com.st.stm32cube.ide.mcu.externaltools.gnu-tools-for-stm32.13.3.rel1.win32_1.0.0.202411081344/tools/bin/../lib/gcc/arm-none-eabi/13.3.1/../../../../arm-none-eabi/lib/thumb/v7e-m+fp/hard\libc_nano.a
END GROUP
START GROUP
LOAD C:/ST/STM32CubeIDE_1.17.0/STM32CubeIDE/plugins/com.st.stm32cube.ide.mcu.externaltools.gnu-tools-for-stm32.13.3.rel1.win32_1.0.0.202411081344/tools/bin/../lib/gcc/arm-none-eabi/13.3.1/thumb/v7e-m+fp/hard\libgcc.a
LOAD C:/ST/STM32CubeIDE_1.17.0/STM32CubeIDE/plugins/com.st.stm32cube.ide.mcu.externaltools.gnu-tools-for-stm32.13.3.rel1.win32_1.0.0.202411081344/tools/bin/../lib/gcc/arm-none-eabi/13.3.1/../../../../arm-none-eabi/lib/thumb/v7e-m+fp/hard\libc_nano.a
LOAD C:/ST/STM32CubeIDE_1.17.0/STM32CubeIDE/plugins/com.st.stm32cube.ide.mcu.externaltools.gnu-tools-for-stm32.13.3.rel1.win32_1.0.0.202411081344/tools/bin/../lib/gcc/arm-none-eabi/13.3.1/../../../../arm-none-eabi/lib/thumb/v7e-m+fp/hard\libnosys.a
END GROUP
START GROUP
LOAD C:/ST/STM32CubeIDE_1.17.0/STM32CubeIDE/plugins/com.st.stm32cube.ide.mcu.externaltools.gnu-tools-for-stm32.13.3.rel1.win32_1.0.0.202411081344/tools/bin/../lib/gcc/arm-none-eabi/13.3.1/thumb/v7e-m+fp/hard\libgcc.a
LOAD C:/ST/STM32CubeIDE_1.17.0/STM32CubeIDE/plugins/com.st.stm32cube.ide.mcu.externaltools.gnu-tools-for-stm32.13.3.rel1.win32_1.0.0.202411081344/tools/bin/../lib/gcc/arm-none-eabi/13.3.1/../../../../arm-none-eabi/lib/thumb/v7e-m+fp/hard\libc_nano.a
LOAD C:/ST/STM32CubeIDE_1.17.0/STM32CubeIDE/plugins/com.st.stm32cube.ide.mcu.externaltools.gnu-tools-for-stm32.13.3.rel1.win32_1.0.0.202411081344/tools/bin/../lib/gcc/arm-none-eabi/13.3.1/../../../../arm-none-eabi/lib/thumb/v7e-m+fp/hard\libnosys.a
END GROUP
LOAD C:/ST/STM32CubeIDE_1.17.0/STM32CubeIDE/plugins/com.st.stm32cube.ide.mcu.externaltools.gnu-tools-for-stm32.13.3.rel1.win32_1.0.0.202411081344/tools/bin/../lib/gcc/arm-none-eabi/13.3.1/thumb/v7e-m+fp/hard/crtend.o
LOAD C:/ST/STM32CubeIDE_1.17.0/STM32CubeIDE/plugins/com.st.stm32cube.ide.mcu.externaltools.gnu-tools-for-stm32.13.3.rel1.win32_1.0.0.202411081344/tools/bin/../lib/gcc/arm-none-eabi/13.3.1/thumb/v7e-m+fp/hard/crtn.o
                0x20008000                        _estack = (ORIGIN (RAM) + LENGTH (RAM))
                0x00000200                        _Min_Heap_Size = 0x200
                0x00000400                        _Min_Stack_Size = 0x400

.isr_vector     0x08000000      0x1d8
                0x08000000                        . = ALIGN (0x4)
 *(.isr_vector)
 .isr_vector    0x08000000      0x1d8 ./Core/Startup/startup_stm32g431rbtx.o
                0x08000000                g_pfnVectors
                0x080001d8                        . = ALIGN (0x4)

.text           0x080001d8     0x7740
                0x080001d8                        . = ALIGN (0x4)
 *(.text)
 .text          0x080001d8       0x40 C:/ST/STM32CubeIDE_1.17.0/STM32CubeIDE/plugins/com.st.stm32cube.ide.mcu.externaltools.gnu-tools-for-stm32.13.3.rel1.win32_1.0.0.202411081344/tools/bin/../lib/gcc/arm-none-eabi/13.3.1/thumb/v7e-m+fp/hard/crtbegin.o
 .text          0x08000218       0x30 C:/ST/STM32CubeIDE_1.17.0/STM32CubeIDE/plugins/com.st.stm32cube.ide.mcu.externaltools.gnu-tools-for-stm32.13.3.rel1.win32_1.0.0.202411081344/tools/bin/../lib/gcc/arm-none-eabi/13.3.1/thumb/v7e-m+fp/hard\libgcc.a(_aeabi_uldivmod.o)
                0x08000218                __aeabi_uldivmod
 .text          0x08000248      0x2f8 C:/ST/STM32CubeIDE_1.17.0/STM32CubeIDE/plugins/com.st.stm32cube.ide.mcu.externaltools.gnu-tools-for-stm32.13.3.rel1.win32_1.0.0.202411081344/tools/bin/../lib/gcc/arm-none-eabi/13.3.1/thumb/v7e-m+fp/hard\libgcc.a(_udivmoddi4.o)
                0x08000248                __udivmoddi4
 .text          0x08000540        0x4 C:/ST/STM32CubeIDE_1.17.0/STM32CubeIDE/plugins/com.st.stm32cube.ide.mcu.externaltools.gnu-tools-for-stm32.13.3.rel1.win32_1.0.0.202411081344/tools/bin/../lib/gcc/arm-none-eabi/13.3.1/thumb/v7e-m+fp/hard\libgcc.a(_dvmd_tls.o)
                0x08000540                __aeabi_idiv0
                0x08000540                __aeabi_ldiv0
 *(.text*)
 .text.selectMuxPin
                0x08000544       0x68 ./Core/Src/i2c_dma_sens.o
                0x08000544                selectMuxPin
 .text.muxInit  0x080005ac       0x4c ./Core/Src/i2c_dma_sens.o
                0x080005ac                muxInit
 .text.startSensorReadSequence
                0x080005f8       0x3c ./Core/Src/i2c_dma_sens.o
                0x080005f8                startSensorReadSequence
 .text.HAL_I2C_MasterTxCpltCallback
                0x08000634       0x64 ./Core/Src/i2c_dma_sens.o
                0x08000634                HAL_I2C_MasterTxCpltCallback
 .text.HAL_I2C_MasterRxCpltCallback
                0x08000698      0x310 ./Core/Src/i2c_dma_sens.o
                0x08000698                HAL_I2C_MasterRxCpltCallback
 .text.HAL_I2C_ErrorCallback
                0x080009a8       0x70 ./Core/Src/i2c_dma_sens.o
                0x080009a8                HAL_I2C_ErrorCallback
 .text.main     0x08000a18      0x1d4 ./Core/Src/main.o
                0x08000a18                main
 .text.SystemClock_Config
                0x08000bec       0x9a ./Core/Src/main.o
                0x08000bec                SystemClock_Config
 *fill*         0x08000c86        0x2 
 .text.MX_CRC_Init
                0x08000c88       0x44 ./Core/Src/main.o
 .text.MX_I2C3_Init
                0x08000ccc       0x7c ./Core/Src/main.o
 .text.MX_USART1_UART_Init
                0x08000d48       0x98 ./Core/Src/main.o
 .text.MX_DMA_Init
                0x08000de0       0x84 ./Core/Src/main.o
 .text.MX_GPIO_Init
                0x08000e64      0x140 ./Core/Src/main.o
 .text.Error_Handler
                0x08000fa4        0xc ./Core/Src/main.o
                0x08000fa4                Error_Handler
 .text.start_tx
                0x08000fb0       0xb8 ./Core/Src/nslp_dma.o
 .text.HAL_UART_TxCpltCallback
                0x08001068       0x5c ./Core/Src/nslp_dma.o
                0x08001068                HAL_UART_TxCpltCallback
 .text.HAL_UARTEx_RxEventCallback
                0x080010c4      0x130 ./Core/Src/nslp_dma.o
                0x080010c4                HAL_UARTEx_RxEventCallback
 .text.HAL_MspInit
                0x080011f4       0x48 ./Core/Src/stm32g4xx_hal_msp.o
                0x080011f4                HAL_MspInit
 .text.HAL_CRC_MspInit
                0x0800123c       0x40 ./Core/Src/stm32g4xx_hal_msp.o
                0x0800123c                HAL_CRC_MspInit
 .text.HAL_I2C_MspInit
                0x0800127c      0x190 ./Core/Src/stm32g4xx_hal_msp.o
                0x0800127c                HAL_I2C_MspInit
 .text.HAL_I2C_MspDeInit
                0x0800140c       0x68 ./Core/Src/stm32g4xx_hal_msp.o
                0x0800140c                HAL_I2C_MspDeInit
 .text.HAL_UART_MspInit
                0x08001474      0x178 ./Core/Src/stm32g4xx_hal_msp.o
                0x08001474                HAL_UART_MspInit
 .text.NMI_Handler
                0x080015ec        0x8 ./Core/Src/stm32g4xx_it.o
                0x080015ec                NMI_Handler
 .text.HardFault_Handler
                0x080015f4        0x8 ./Core/Src/stm32g4xx_it.o
                0x080015f4                HardFault_Handler
 .text.MemManage_Handler
                0x080015fc        0x8 ./Core/Src/stm32g4xx_it.o
                0x080015fc                MemManage_Handler
 .text.BusFault_Handler
                0x08001604        0x8 ./Core/Src/stm32g4xx_it.o
                0x08001604                BusFault_Handler
 .text.UsageFault_Handler
                0x0800160c        0x8 ./Core/Src/stm32g4xx_it.o
                0x0800160c                UsageFault_Handler
 .text.SVC_Handler
                0x08001614        0xe ./Core/Src/stm32g4xx_it.o
                0x08001614                SVC_Handler
 .text.DebugMon_Handler
                0x08001622        0xe ./Core/Src/stm32g4xx_it.o
                0x08001622                DebugMon_Handler
 .text.PendSV_Handler
                0x08001630        0xe ./Core/Src/stm32g4xx_it.o
                0x08001630                PendSV_Handler
 .text.SysTick_Handler
                0x0800163e        0xc ./Core/Src/stm32g4xx_it.o
                0x0800163e                SysTick_Handler
 *fill*         0x0800164a        0x2 
 .text.DMA1_Channel1_IRQHandler
                0x0800164c       0x14 ./Core/Src/stm32g4xx_it.o
                0x0800164c                DMA1_Channel1_IRQHandler
 .text.DMA1_Channel2_IRQHandler
                0x08001660       0x14 ./Core/Src/stm32g4xx_it.o
                0x08001660                DMA1_Channel2_IRQHandler
 .text.DMA1_Channel3_IRQHandler
                0x08001674       0x14 ./Core/Src/stm32g4xx_it.o
                0x08001674                DMA1_Channel3_IRQHandler
 .text.DMA1_Channel4_IRQHandler
                0x08001688       0x14 ./Core/Src/stm32g4xx_it.o
                0x08001688                DMA1_Channel4_IRQHandler
 .text.USART1_IRQHandler
                0x0800169c       0x14 ./Core/Src/stm32g4xx_it.o
                0x0800169c                USART1_IRQHandler
 .text.I2C3_EV_IRQHandler
                0x080016b0       0x14 ./Core/Src/stm32g4xx_it.o
                0x080016b0                I2C3_EV_IRQHandler
 .text.I2C3_ER_IRQHandler
                0x080016c4       0x14 ./Core/Src/stm32g4xx_it.o
                0x080016c4                I2C3_ER_IRQHandler
 .text.SystemInit
                0x080016d8       0x24 ./Core/Src/system_stm32g4xx.o
                0x080016d8                SystemInit
 .text.valve_set_openness
                0x080016fc       0x20 ./Core/Src/valve.o
                0x080016fc                valve_set_openness
 .text.valve_update
                0x0800171c      0x288 ./Core/Src/valve.o
                0x0800171c                valve_update
 .text.Reset_Handler
                0x080019a4       0x50 ./Core/Startup/startup_stm32g431rbtx.o
                0x080019a4                Reset_Handler
 .text.Default_Handler
                0x080019f4        0x2 ./Core/Startup/startup_stm32g431rbtx.o
                0x080019f4                RTC_Alarm_IRQHandler
                0x080019f4                EXTI2_IRQHandler
                0x080019f4                TIM8_TRG_COM_IRQHandler
                0x080019f4                TIM8_CC_IRQHandler
                0x080019f4                TIM1_CC_IRQHandler
                0x080019f4                USB_HP_IRQHandler
                0x080019f4                CORDIC_IRQHandler
                0x080019f4                EXTI3_IRQHandler
                0x080019f4                EXTI0_IRQHandler
                0x080019f4                I2C2_EV_IRQHandler
                0x080019f4                FPU_IRQHandler
                0x080019f4                FDCAN1_IT1_IRQHandler
                0x080019f4                TIM1_UP_TIM16_IRQHandler
                0x080019f4                ADC1_2_IRQHandler
                0x080019f4                SPI1_IRQHandler
                0x080019f4                TIM6_DAC_IRQHandler
                0x080019f4                TIM8_UP_IRQHandler
                0x080019f4                DMA2_Channel2_IRQHandler
                0x080019f4                USART3_IRQHandler
                0x080019f4                TIM4_IRQHandler
                0x080019f4                DMA2_Channel1_IRQHandler
                0x080019f4                I2C1_EV_IRQHandler
                0x080019f4                DMA1_Channel6_IRQHandler
                0x080019f4                UART4_IRQHandler
                0x080019f4                DMA2_Channel4_IRQHandler
                0x080019f4                TIM3_IRQHandler
                0x080019f4                RCC_IRQHandler
                0x080019f4                Default_Handler
                0x080019f4                RTC_TAMP_LSECSS_IRQHandler
                0x080019f4                FMAC_IRQHandler
                0x080019f4                EXTI15_10_IRQHandler
                0x080019f4                TIM7_IRQHandler
                0x080019f4                UCPD1_IRQHandler
                0x080019f4                EXTI9_5_IRQHandler
                0x080019f4                RTC_WKUP_IRQHandler
                0x080019f4                PVD_PVM_IRQHandler
                0x080019f4                SPI2_IRQHandler
                0x080019f4                DMA2_Channel5_IRQHandler
                0x080019f4                CRS_IRQHandler
                0x080019f4                DMA1_Channel5_IRQHandler
                0x080019f4                USB_LP_IRQHandler
                0x080019f4                EXTI4_IRQHandler
                0x080019f4                RNG_IRQHandler
                0x080019f4                TIM1_TRG_COM_TIM17_IRQHandler
                0x080019f4                WWDG_IRQHandler
                0x080019f4                LPUART1_IRQHandler
                0x080019f4                DMA2_Channel6_IRQHandler
                0x080019f4                FDCAN1_IT0_IRQHandler
                0x080019f4                TIM2_IRQHandler
                0x080019f4                COMP1_2_3_IRQHandler
                0x080019f4                EXTI1_IRQHandler
                0x080019f4                USART2_IRQHandler
                0x080019f4                I2C2_ER_IRQHandler
                0x080019f4                TIM8_BRK_IRQHandler
                0x080019f4                FLASH_IRQHandler
                0x080019f4                SPI3_IRQHandler
                0x080019f4                I2C1_ER_IRQHandler
                0x080019f4                LPTIM1_IRQHandler
                0x080019f4                DMAMUX_OVR_IRQHandler
                0x080019f4                USBWakeUp_IRQHandler
                0x080019f4                SAI1_IRQHandler
                0x080019f4                DMA2_Channel3_IRQHandler
                0x080019f4                COMP4_IRQHandler
                0x080019f4                TIM1_BRK_TIM15_IRQHandler
 .text.HAL_Init
                0x080019f6       0x30 ./Drivers/STM32G4xx_HAL_Driver/Src/stm32g4xx_hal.o
                0x080019f6                HAL_Init
 *fill*         0x08001a26        0x2 
 .text.HAL_InitTick
                0x08001a28       0x74 ./Drivers/STM32G4xx_HAL_Driver/Src/stm32g4xx_hal.o
                0x08001a28                HAL_InitTick
 .text.HAL_IncTick
                0x08001a9c       0x24 ./Drivers/STM32G4xx_HAL_Driver/Src/stm32g4xx_hal.o
                0x08001a9c                HAL_IncTick
 .text.HAL_GetTick
                0x08001ac0       0x18 ./Drivers/STM32G4xx_HAL_Driver/Src/stm32g4xx_hal.o
                0x08001ac0                HAL_GetTick
 .text.__NVIC_SetPriorityGrouping
                0x08001ad8       0x48 ./Drivers/STM32G4xx_HAL_Driver/Src/stm32g4xx_hal_cortex.o
 .text.__NVIC_GetPriorityGrouping
                0x08001b20       0x1c ./Drivers/STM32G4xx_HAL_Driver/Src/stm32g4xx_hal_cortex.o
 .text.__NVIC_EnableIRQ
                0x08001b3c       0x3c ./Drivers/STM32G4xx_HAL_Driver/Src/stm32g4xx_hal_cortex.o
 .text.__NVIC_DisableIRQ
                0x08001b78       0x48 ./Drivers/STM32G4xx_HAL_Driver/Src/stm32g4xx_hal_cortex.o
 .text.__NVIC_SetPriority
                0x08001bc0       0x54 ./Drivers/STM32G4xx_HAL_Driver/Src/stm32g4xx_hal_cortex.o
 .text.NVIC_EncodePriority
                0x08001c14       0x66 ./Drivers/STM32G4xx_HAL_Driver/Src/stm32g4xx_hal_cortex.o
 *fill*         0x08001c7a        0x2 
 .text.SysTick_Config
                0x08001c7c       0x44 ./Drivers/STM32G4xx_HAL_Driver/Src/stm32g4xx_hal_cortex.o
 .text.HAL_NVIC_SetPriorityGrouping
                0x08001cc0       0x16 ./Drivers/STM32G4xx_HAL_Driver/Src/stm32g4xx_hal_cortex.o
                0x08001cc0                HAL_NVIC_SetPriorityGrouping
 .text.HAL_NVIC_SetPriority
                0x08001cd6       0x34 ./Drivers/STM32G4xx_HAL_Driver/Src/stm32g4xx_hal_cortex.o
                0x08001cd6                HAL_NVIC_SetPriority
 .text.HAL_NVIC_EnableIRQ
                0x08001d0a       0x1c ./Drivers/STM32G4xx_HAL_Driver/Src/stm32g4xx_hal_cortex.o
                0x08001d0a                HAL_NVIC_EnableIRQ
 .text.HAL_NVIC_DisableIRQ
                0x08001d26       0x1c ./Drivers/STM32G4xx_HAL_Driver/Src/stm32g4xx_hal_cortex.o
                0x08001d26                HAL_NVIC_DisableIRQ
 .text.HAL_SYSTICK_Config
                0x08001d42       0x18 ./Drivers/STM32G4xx_HAL_Driver/Src/stm32g4xx_hal_cortex.o
                0x08001d42                HAL_SYSTICK_Config
 *fill*         0x08001d5a        0x2 
 .text.HAL_CRC_Init
                0x08001d5c       0xc8 ./Drivers/STM32G4xx_HAL_Driver/Src/stm32g4xx_hal_crc.o
                0x08001d5c                HAL_CRC_Init
 .text.HAL_CRC_Calculate
                0x08001e24       0x98 ./Drivers/STM32G4xx_HAL_Driver/Src/stm32g4xx_hal_crc.o
                0x08001e24                HAL_CRC_Calculate
 .text.CRC_Handle_8
                0x08001ebc      0x120 ./Drivers/STM32G4xx_HAL_Driver/Src/stm32g4xx_hal_crc.o
 .text.CRC_Handle_16
                0x08001fdc       0x74 ./Drivers/STM32G4xx_HAL_Driver/Src/stm32g4xx_hal_crc.o
 .text.HAL_CRCEx_Polynomial_Set
                0x08002050      0x11c ./Drivers/STM32G4xx_HAL_Driver/Src/stm32g4xx_hal_crc_ex.o
                0x08002050                HAL_CRCEx_Polynomial_Set
 .text.HAL_DMA_Init
                0x0800216c      0x150 ./Drivers/STM32G4xx_HAL_Driver/Src/stm32g4xx_hal_dma.o
                0x0800216c                HAL_DMA_Init
 .text.HAL_DMA_DeInit
                0x080022bc      0x12c ./Drivers/STM32G4xx_HAL_Driver/Src/stm32g4xx_hal_dma.o
                0x080022bc                HAL_DMA_DeInit
 .text.HAL_DMA_Start_IT
                0x080023e8       0xf6 ./Drivers/STM32G4xx_HAL_Driver/Src/stm32g4xx_hal_dma.o
                0x080023e8                HAL_DMA_Start_IT
 .text.HAL_DMA_Abort
                0x080024de       0xb2 ./Drivers/STM32G4xx_HAL_Driver/Src/stm32g4xx_hal_dma.o
                0x080024de                HAL_DMA_Abort
 .text.HAL_DMA_Abort_IT
                0x08002590       0xce ./Drivers/STM32G4xx_HAL_Driver/Src/stm32g4xx_hal_dma.o
                0x08002590                HAL_DMA_Abort_IT
 .text.HAL_DMA_IRQHandler
                0x0800265e      0x15e ./Drivers/STM32G4xx_HAL_Driver/Src/stm32g4xx_hal_dma.o
                0x0800265e                HAL_DMA_IRQHandler
 .text.HAL_DMA_GetState
                0x080027bc       0x1c ./Drivers/STM32G4xx_HAL_Driver/Src/stm32g4xx_hal_dma.o
                0x080027bc                HAL_DMA_GetState
 .text.DMA_SetConfig
                0x080027d8       0x7c ./Drivers/STM32G4xx_HAL_Driver/Src/stm32g4xx_hal_dma.o
 .text.DMA_CalcDMAMUXChannelBaseAndMask
                0x08002854       0x7c ./Drivers/STM32G4xx_HAL_Driver/Src/stm32g4xx_hal_dma.o
 .text.DMA_CalcDMAMUXRequestGenBaseAndMask
                0x080028d0       0x48 ./Drivers/STM32G4xx_HAL_Driver/Src/stm32g4xx_hal_dma.o
 .text.HAL_GPIO_Init
                0x08002918      0x304 ./Drivers/STM32G4xx_HAL_Driver/Src/stm32g4xx_hal_gpio.o
                0x08002918                HAL_GPIO_Init
 .text.HAL_GPIO_DeInit
                0x08002c1c      0x1c4 ./Drivers/STM32G4xx_HAL_Driver/Src/stm32g4xx_hal_gpio.o
                0x08002c1c                HAL_GPIO_DeInit
 .text.HAL_GPIO_ReadPin
                0x08002de0       0x30 ./Drivers/STM32G4xx_HAL_Driver/Src/stm32g4xx_hal_gpio.o
                0x08002de0                HAL_GPIO_ReadPin
 .text.HAL_GPIO_WritePin
                0x08002e10       0x30 ./Drivers/STM32G4xx_HAL_Driver/Src/stm32g4xx_hal_gpio.o
                0x08002e10                HAL_GPIO_WritePin
 .text.HAL_GPIO_TogglePin
                0x08002e40       0x34 ./Drivers/STM32G4xx_HAL_Driver/Src/stm32g4xx_hal_gpio.o
                0x08002e40                HAL_GPIO_TogglePin
 .text.HAL_I2C_Init
                0x08002e74      0x136 ./Drivers/STM32G4xx_HAL_Driver/Src/stm32g4xx_hal_i2c.o
                0x08002e74                HAL_I2C_Init
 .text.HAL_I2C_DeInit
                0x08002faa       0x5e ./Drivers/STM32G4xx_HAL_Driver/Src/stm32g4xx_hal_i2c.o
                0x08002faa                HAL_I2C_DeInit
 .text.HAL_I2C_Master_Transmit_DMA
                0x08003008      0x228 ./Drivers/STM32G4xx_HAL_Driver/Src/stm32g4xx_hal_i2c.o
                0x08003008                HAL_I2C_Master_Transmit_DMA
 .text.HAL_I2C_Master_Receive_DMA
                0x08003230      0x1e0 ./Drivers/STM32G4xx_HAL_Driver/Src/stm32g4xx_hal_i2c.o
                0x08003230                HAL_I2C_Master_Receive_DMA
 .text.HAL_I2C_EV_IRQHandler
                0x08003410       0x34 ./Drivers/STM32G4xx_HAL_Driver/Src/stm32g4xx_hal_i2c.o
                0x08003410                HAL_I2C_EV_IRQHandler
 .text.HAL_I2C_ER_IRQHandler
                0x08003444       0xc2 ./Drivers/STM32G4xx_HAL_Driver/Src/stm32g4xx_hal_i2c.o
                0x08003444                HAL_I2C_ER_IRQHandler
 .text.HAL_I2C_SlaveTxCpltCallback
                0x08003506       0x14 ./Drivers/STM32G4xx_HAL_Driver/Src/stm32g4xx_hal_i2c.o
                0x08003506                HAL_I2C_SlaveTxCpltCallback
 .text.HAL_I2C_SlaveRxCpltCallback
                0x0800351a       0x14 ./Drivers/STM32G4xx_HAL_Driver/Src/stm32g4xx_hal_i2c.o
                0x0800351a                HAL_I2C_SlaveRxCpltCallback
 .text.HAL_I2C_AddrCallback
                0x0800352e       0x1c ./Drivers/STM32G4xx_HAL_Driver/Src/stm32g4xx_hal_i2c.o
                0x0800352e                HAL_I2C_AddrCallback
 .text.HAL_I2C_ListenCpltCallback
                0x0800354a       0x14 ./Drivers/STM32G4xx_HAL_Driver/Src/stm32g4xx_hal_i2c.o
                0x0800354a                HAL_I2C_ListenCpltCallback
 .text.HAL_I2C_MemTxCpltCallback
                0x0800355e       0x14 ./Drivers/STM32G4xx_HAL_Driver/Src/stm32g4xx_hal_i2c.o
                0x0800355e                HAL_I2C_MemTxCpltCallback
 .text.HAL_I2C_MemRxCpltCallback
                0x08003572       0x14 ./Drivers/STM32G4xx_HAL_Driver/Src/stm32g4xx_hal_i2c.o
                0x08003572                HAL_I2C_MemRxCpltCallback
 .text.HAL_I2C_AbortCpltCallback
                0x08003586       0x14 ./Drivers/STM32G4xx_HAL_Driver/Src/stm32g4xx_hal_i2c.o
                0x08003586                HAL_I2C_AbortCpltCallback
 .text.I2C_Master_ISR_IT
                0x0800359a      0x268 ./Drivers/STM32G4xx_HAL_Driver/Src/stm32g4xx_hal_i2c.o
 .text.I2C_Slave_ISR_IT
                0x08003802      0x208 ./Drivers/STM32G4xx_HAL_Driver/Src/stm32g4xx_hal_i2c.o
 .text.I2C_Master_ISR_DMA
                0x08003a0a      0x1e6 ./Drivers/STM32G4xx_HAL_Driver/Src/stm32g4xx_hal_i2c.o
 .text.I2C_Mem_ISR_DMA
                0x08003bf0      0x260 ./Drivers/STM32G4xx_HAL_Driver/Src/stm32g4xx_hal_i2c.o
 .text.I2C_Slave_ISR_DMA
                0x08003e50      0x1c2 ./Drivers/STM32G4xx_HAL_Driver/Src/stm32g4xx_hal_i2c.o
 .text.I2C_ITAddrCplt
                0x08004012      0x108 ./Drivers/STM32G4xx_HAL_Driver/Src/stm32g4xx_hal_i2c.o
 .text.I2C_ITMasterSeqCplt
                0x0800411a       0x7a ./Drivers/STM32G4xx_HAL_Driver/Src/stm32g4xx_hal_i2c.o
 .text.I2C_ITSlaveSeqCplt
                0x08004194       0xbc ./Drivers/STM32G4xx_HAL_Driver/Src/stm32g4xx_hal_i2c.o
 .text.I2C_ITMasterCplt
                0x08004250      0x194 ./Drivers/STM32G4xx_HAL_Driver/Src/stm32g4xx_hal_i2c.o
 .text.I2C_ITSlaveCplt
                0x080043e4      0x2d4 ./Drivers/STM32G4xx_HAL_Driver/Src/stm32g4xx_hal_i2c.o
 .text.I2C_ITListenCplt
                0x080046b8       0xac ./Drivers/STM32G4xx_HAL_Driver/Src/stm32g4xx_hal_i2c.o
 .text.I2C_ITError
                0x08004764      0x1e0 ./Drivers/STM32G4xx_HAL_Driver/Src/stm32g4xx_hal_i2c.o
 .text.I2C_TreatErrorCallback
                0x08004944       0x4e ./Drivers/STM32G4xx_HAL_Driver/Src/stm32g4xx_hal_i2c.o
 .text.I2C_Flush_TXDR
                0x08004992       0x48 ./Drivers/STM32G4xx_HAL_Driver/Src/stm32g4xx_hal_i2c.o
 .text.I2C_DMAMasterTransmitCplt
                0x080049da       0x96 ./Drivers/STM32G4xx_HAL_Driver/Src/stm32g4xx_hal_i2c.o
 .text.I2C_DMAMasterReceiveCplt
                0x08004a70       0x96 ./Drivers/STM32G4xx_HAL_Driver/Src/stm32g4xx_hal_i2c.o
 .text.I2C_DMAError
                0x08004b06       0x2e ./Drivers/STM32G4xx_HAL_Driver/Src/stm32g4xx_hal_i2c.o
 .text.I2C_DMAAbort
                0x08004b34       0x3c ./Drivers/STM32G4xx_HAL_Driver/Src/stm32g4xx_hal_i2c.o
 .text.I2C_TransferConfig
                0x08004b70       0x64 ./Drivers/STM32G4xx_HAL_Driver/Src/stm32g4xx_hal_i2c.o
 .text.I2C_Enable_IRQ
                0x08004bd4      0x108 ./Drivers/STM32G4xx_HAL_Driver/Src/stm32g4xx_hal_i2c.o
 .text.I2C_Disable_IRQ
                0x08004cdc       0xbc ./Drivers/STM32G4xx_HAL_Driver/Src/stm32g4xx_hal_i2c.o
 .text.HAL_I2CEx_ConfigAnalogFilter
                0x08004d98       0x96 ./Drivers/STM32G4xx_HAL_Driver/Src/stm32g4xx_hal_i2c_ex.o
                0x08004d98                HAL_I2CEx_ConfigAnalogFilter
 .text.HAL_I2CEx_ConfigDigitalFilter
                0x08004e2e       0x98 ./Drivers/STM32G4xx_HAL_Driver/Src/stm32g4xx_hal_i2c_ex.o
                0x08004e2e                HAL_I2CEx_ConfigDigitalFilter
 *fill*         0x08004ec6        0x2 
 .text.HAL_PWREx_ControlVoltageScaling
                0x08004ec8      0x148 ./Drivers/STM32G4xx_HAL_Driver/Src/stm32g4xx_hal_pwr_ex.o
                0x08004ec8                HAL_PWREx_ControlVoltageScaling
 .text.HAL_PWREx_DisableUCPDDeadBattery
                0x08005010       0x20 ./Drivers/STM32G4xx_HAL_Driver/Src/stm32g4xx_hal_pwr_ex.o
                0x08005010                HAL_PWREx_DisableUCPDDeadBattery
 .text.HAL_RCC_OscConfig
                0x08005030      0x624 ./Drivers/STM32G4xx_HAL_Driver/Src/stm32g4xx_hal_rcc.o
                0x08005030                HAL_RCC_OscConfig
 .text.HAL_RCC_ClockConfig
                0x08005654      0x278 ./Drivers/STM32G4xx_HAL_Driver/Src/stm32g4xx_hal_rcc.o
                0x08005654                HAL_RCC_ClockConfig
 .text.HAL_RCC_GetSysClockFreq
                0x080058cc       0xc4 ./Drivers/STM32G4xx_HAL_Driver/Src/stm32g4xx_hal_rcc.o
                0x080058cc                HAL_RCC_GetSysClockFreq
 .text.HAL_RCC_GetHCLKFreq
                0x08005990       0x18 ./Drivers/STM32G4xx_HAL_Driver/Src/stm32g4xx_hal_rcc.o
                0x08005990                HAL_RCC_GetHCLKFreq
 .text.HAL_RCC_GetPCLK1Freq
                0x080059a8       0x2c ./Drivers/STM32G4xx_HAL_Driver/Src/stm32g4xx_hal_rcc.o
                0x080059a8                HAL_RCC_GetPCLK1Freq
 .text.HAL_RCC_GetPCLK2Freq
                0x080059d4       0x2c ./Drivers/STM32G4xx_HAL_Driver/Src/stm32g4xx_hal_rcc.o
                0x080059d4                HAL_RCC_GetPCLK2Freq
 .text.RCC_GetSysClockFreqFromPLLSource
                0x08005a00       0x8c ./Drivers/STM32G4xx_HAL_Driver/Src/stm32g4xx_hal_rcc.o
 .text.HAL_RCCEx_PeriphCLKConfig
                0x08005a8c      0x3e0 ./Drivers/STM32G4xx_HAL_Driver/Src/stm32g4xx_hal_rcc_ex.o
                0x08005a8c                HAL_RCCEx_PeriphCLKConfig
 .text.HAL_UART_Init
                0x08005e6c       0xa0 ./Drivers/STM32G4xx_HAL_Driver/Src/stm32g4xx_hal_uart.o
                0x08005e6c                HAL_UART_Init
 .text.HAL_UART_Transmit_DMA
                0x08005f0c      0x100 ./Drivers/STM32G4xx_HAL_Driver/Src/stm32g4xx_hal_uart.o
                0x08005f0c                HAL_UART_Transmit_DMA
 .text.HAL_UART_IRQHandler
                0x0800600c      0x684 ./Drivers/STM32G4xx_HAL_Driver/Src/stm32g4xx_hal_uart.o
                0x0800600c                HAL_UART_IRQHandler
 .text.HAL_UART_TxHalfCpltCallback
                0x08006690       0x14 ./Drivers/STM32G4xx_HAL_Driver/Src/stm32g4xx_hal_uart.o
                0x08006690                HAL_UART_TxHalfCpltCallback
 .text.HAL_UART_RxCpltCallback
                0x080066a4       0x14 ./Drivers/STM32G4xx_HAL_Driver/Src/stm32g4xx_hal_uart.o
                0x080066a4                HAL_UART_RxCpltCallback
 .text.HAL_UART_RxHalfCpltCallback
                0x080066b8       0x14 ./Drivers/STM32G4xx_HAL_Driver/Src/stm32g4xx_hal_uart.o
                0x080066b8                HAL_UART_RxHalfCpltCallback
 .text.HAL_UART_ErrorCallback
                0x080066cc       0x14 ./Drivers/STM32G4xx_HAL_Driver/Src/stm32g4xx_hal_uart.o
                0x080066cc                HAL_UART_ErrorCallback
 .text.UART_SetConfig
                0x080066e0      0x598 ./Drivers/STM32G4xx_HAL_Driver/Src/stm32g4xx_hal_uart.o
                0x080066e0                UART_SetConfig
 .text.UART_AdvFeatureConfig
                0x08006c78      0x144 ./Drivers/STM32G4xx_HAL_Driver/Src/stm32g4xx_hal_uart.o
                0x08006c78                UART_AdvFeatureConfig
 .text.UART_CheckIdleState
                0x08006dbc      0x154 ./Drivers/STM32G4xx_HAL_Driver/Src/stm32g4xx_hal_uart.o
                0x08006dbc                UART_CheckIdleState
 .text.UART_WaitOnFlagUntilTimeout
                0x08006f10       0xda ./Drivers/STM32G4xx_HAL_Driver/Src/stm32g4xx_hal_uart.o
                0x08006f10                UART_WaitOnFlagUntilTimeout
 *fill*         0x08006fea        0x2 
 .text.UART_Start_Receive_DMA
                0x08006fec      0x14c ./Drivers/STM32G4xx_HAL_Driver/Src/stm32g4xx_hal_uart.o
                0x08006fec                UART_Start_Receive_DMA
 .text.UART_EndTxTransfer
                0x08007138       0x82 ./Drivers/STM32G4xx_HAL_Driver/Src/stm32g4xx_hal_uart.o
 .text.UART_EndRxTransfer
                0x080071ba       0xcc ./Drivers/STM32G4xx_HAL_Driver/Src/stm32g4xx_hal_uart.o
 .text.UART_DMATransmitCplt
                0x08007286       0x9a ./Drivers/STM32G4xx_HAL_Driver/Src/stm32g4xx_hal_uart.o
 .text.UART_DMATxHalfCplt
                0x08007320       0x1c ./Drivers/STM32G4xx_HAL_Driver/Src/stm32g4xx_hal_uart.o
 .text.UART_DMAReceiveCplt
                0x0800733c      0x12c ./Drivers/STM32G4xx_HAL_Driver/Src/stm32g4xx_hal_uart.o
 .text.UART_DMARxHalfCplt
                0x08007468       0x3e ./Drivers/STM32G4xx_HAL_Driver/Src/stm32g4xx_hal_uart.o
 .text.UART_DMAError
                0x080074a6       0x80 ./Drivers/STM32G4xx_HAL_Driver/Src/stm32g4xx_hal_uart.o
 .text.UART_DMAAbortOnError
                0x08007526       0x24 ./Drivers/STM32G4xx_HAL_Driver/Src/stm32g4xx_hal_uart.o
 .text.UART_EndTransmit_IT
                0x0800754a       0x56 ./Drivers/STM32G4xx_HAL_Driver/Src/stm32g4xx_hal_uart.o
 .text.HAL_UARTEx_WakeupCallback
                0x080075a0       0x14 ./Drivers/STM32G4xx_HAL_Driver/Src/stm32g4xx_hal_uart_ex.o
                0x080075a0                HAL_UARTEx_WakeupCallback
 .text.HAL_UARTEx_RxFifoFullCallback
                0x080075b4       0x14 ./Drivers/STM32G4xx_HAL_Driver/Src/stm32g4xx_hal_uart_ex.o
                0x080075b4                HAL_UARTEx_RxFifoFullCallback
 .text.HAL_UARTEx_TxFifoEmptyCallback
                0x080075c8       0x14 ./Drivers/STM32G4xx_HAL_Driver/Src/stm32g4xx_hal_uart_ex.o
                0x080075c8                HAL_UARTEx_TxFifoEmptyCallback
 .text.HAL_UARTEx_DisableFifoMode
                0x080075dc       0x72 ./Drivers/STM32G4xx_HAL_Driver/Src/stm32g4xx_hal_uart_ex.o
                0x080075dc                HAL_UARTEx_DisableFifoMode
 .text.HAL_UARTEx_SetTxFifoThreshold
                0x0800764e       0x7c ./Drivers/STM32G4xx_HAL_Driver/Src/stm32g4xx_hal_uart_ex.o
                0x0800764e                HAL_UARTEx_SetTxFifoThreshold
 .text.HAL_UARTEx_SetRxFifoThreshold
                0x080076ca       0x7c ./Drivers/STM32G4xx_HAL_Driver/Src/stm32g4xx_hal_uart_ex.o
                0x080076ca                HAL_UARTEx_SetRxFifoThreshold
 .text.HAL_UARTEx_ReceiveToIdle_DMA
                0x08007746       0xa8 ./Drivers/STM32G4xx_HAL_Driver/Src/stm32g4xx_hal_uart_ex.o
                0x08007746                HAL_UARTEx_ReceiveToIdle_DMA
 *fill*         0x080077ee        0x2 
 .text.UARTEx_SetNbDataToProcess
                0x080077f0       0x9c ./Drivers/STM32G4xx_HAL_Driver/Src/stm32g4xx_hal_uart_ex.o
 .text.memset   0x0800788c       0x10 C:/ST/STM32CubeIDE_1.17.0/STM32CubeIDE/plugins/com.st.stm32cube.ide.mcu.externaltools.gnu-tools-for-stm32.13.3.rel1.win32_1.0.0.202411081344/tools/bin/../lib/gcc/arm-none-eabi/13.3.1/../../../../arm-none-eabi/lib/thumb/v7e-m+fp/hard\libc_nano.a(libc_a-memset.o)
                0x0800788c                memset
 .text.__libc_init_array
                0x0800789c       0x48 C:/ST/STM32CubeIDE_1.17.0/STM32CubeIDE/plugins/com.st.stm32cube.ide.mcu.externaltools.gnu-tools-for-stm32.13.3.rel1.win32_1.0.0.202411081344/tools/bin/../lib/gcc/arm-none-eabi/13.3.1/../../../../arm-none-eabi/lib/thumb/v7e-m+fp/hard\libc_nano.a(libc_a-init.o)
                0x0800789c                __libc_init_array
 .text.memcpy   0x080078e4       0x1c C:/ST/STM32CubeIDE_1.17.0/STM32CubeIDE/plugins/com.st.stm32cube.ide.mcu.externaltools.gnu-tools-for-stm32.13.3.rel1.win32_1.0.0.202411081344/tools/bin/../lib/gcc/arm-none-eabi/13.3.1/../../../../arm-none-eabi/lib/thumb/v7e-m+fp/hard\libc_nano.a(libc_a-memcpy-stub.o)
                0x080078e4                memcpy
 *(.glue_7)
 .glue_7        0x08007900        0x0 linker stubs
 *(.glue_7t)
 .glue_7t       0x08007900        0x0 linker stubs
 *(.eh_frame)
 .eh_frame      0x08007900        0x0 C:/ST/STM32CubeIDE_1.17.0/STM32CubeIDE/plugins/com.st.stm32cube.ide.mcu.externaltools.gnu-tools-for-stm32.13.3.rel1.win32_1.0.0.202411081344/tools/bin/../lib/gcc/arm-none-eabi/13.3.1/thumb/v7e-m+fp/hard/crtbegin.o
 *(.init)
 .init          0x08007900        0x4 C:/ST/STM32CubeIDE_1.17.0/STM32CubeIDE/plugins/com.st.stm32cube.ide.mcu.externaltools.gnu-tools-for-stm32.13.3.rel1.win32_1.0.0.202411081344/tools/bin/../lib/gcc/arm-none-eabi/13.3.1/thumb/v7e-m+fp/hard/crti.o
                0x08007900                _init
 .init          0x08007904        0x8 C:/ST/STM32CubeIDE_1.17.0/STM32CubeIDE/plugins/com.st.stm32cube.ide.mcu.externaltools.gnu-tools-for-stm32.13.3.rel1.win32_1.0.0.202411081344/tools/bin/../lib/gcc/arm-none-eabi/13.3.1/thumb/v7e-m+fp/hard/crtn.o
 *(.fini)
 .fini          0x0800790c        0x4 C:/ST/STM32CubeIDE_1.17.0/STM32CubeIDE/plugins/com.st.stm32cube.ide.mcu.externaltools.gnu-tools-for-stm32.13.3.rel1.win32_1.0.0.202411081344/tools/bin/../lib/gcc/arm-none-eabi/13.3.1/thumb/v7e-m+fp/hard/crti.o
                0x0800790c                _fini
 .fini          0x08007910        0x8 C:/ST/STM32CubeIDE_1.17.0/STM32CubeIDE/plugins/com.st.stm32cube.ide.mcu.externaltools.gnu-tools-for-stm32.13.3.rel1.win32_1.0.0.202411081344/tools/bin/../lib/gcc/arm-none-eabi/13.3.1/thumb/v7e-m+fp/hard/crtn.o
                0x08007918                        . = ALIGN (0x4)
                0x08007918                        _etext = .

.vfp11_veneer   0x08007918        0x0
 .vfp11_veneer  0x08007918        0x0 linker stubs

.v4_bx          0x08007918        0x0
 .v4_bx         0x08007918        0x0 linker stubs

.iplt           0x08007918        0x0
 .iplt          0x08007918        0x0 C:/ST/STM32CubeIDE_1.17.0/STM32CubeIDE/plugins/com.st.stm32cube.ide.mcu.externaltools.gnu-tools-for-stm32.13.3.rel1.win32_1.0.0.202411081344/tools/bin/../lib/gcc/arm-none-eabi/13.3.1/thumb/v7e-m+fp/hard/crtbegin.o

.rodata         0x08007918       0x5c
                0x08007918                        . = ALIGN (0x4)
 *(.rodata)
 .rodata        0x08007918       0x10 ./Core/Src/main.o
 *(.rodata*)
 .rodata.selectPins
                0x08007928        0xc ./Core/Src/i2c_dma_sens.o
                0x08007928                selectPins
 .rodata.AHBPrescTable
                0x08007934       0x10 ./Core/Src/system_stm32g4xx.o
                0x08007934                AHBPrescTable
 .rodata.APBPrescTable
                0x08007944        0x8 ./Core/Src/system_stm32g4xx.o
                0x08007944                APBPrescTable
 .rodata.UARTPrescTable
                0x0800794c       0x18 ./Drivers/STM32G4xx_HAL_Driver/Src/stm32g4xx_hal_uart.o
                0x0800794c                UARTPrescTable
 .rodata.numerator.1
                0x08007964        0x8 ./Drivers/STM32G4xx_HAL_Driver/Src/stm32g4xx_hal_uart_ex.o
 .rodata.denominator.0
                0x0800796c        0x8 ./Drivers/STM32G4xx_HAL_Driver/Src/stm32g4xx_hal_uart_ex.o
                0x08007974                        . = ALIGN (0x4)

.ARM.extab      0x08007974        0x0
                0x08007974                        . = ALIGN (0x4)
 *(.ARM.extab* .gnu.linkonce.armextab.*)
                0x08007974                        . = ALIGN (0x4)

.ARM            0x08007974        0x8
                0x08007974                        . = ALIGN (0x4)
                0x08007974                        __exidx_start = .
 *(.ARM.exidx*)
 .ARM.exidx     0x08007974        0x8 C:/ST/STM32CubeIDE_1.17.0/STM32CubeIDE/plugins/com.st.stm32cube.ide.mcu.externaltools.gnu-tools-for-stm32.13.3.rel1.win32_1.0.0.202411081344/tools/bin/../lib/gcc/arm-none-eabi/13.3.1/thumb/v7e-m+fp/hard\libgcc.a(_udivmoddi4.o)
                0x0800797c                        __exidx_end = .
                0x0800797c                        . = ALIGN (0x4)

.preinit_array  0x0800797c        0x0
                0x0800797c                        . = ALIGN (0x4)
                0x0800797c                        PROVIDE (__preinit_array_start = .)
 *(.preinit_array*)
                0x0800797c                        PROVIDE (__preinit_array_end = .)
                0x0800797c                        . = ALIGN (0x4)

.init_array     0x0800797c        0x4
                0x0800797c                        . = ALIGN (0x4)
                0x0800797c                        PROVIDE (__init_array_start = .)
 *(SORT_BY_NAME(.init_array.*))
 *(.init_array*)
 .init_array    0x0800797c        0x4 C:/ST/STM32CubeIDE_1.17.0/STM32CubeIDE/plugins/com.st.stm32cube.ide.mcu.externaltools.gnu-tools-for-stm32.13.3.rel1.win32_1.0.0.202411081344/tools/bin/../lib/gcc/arm-none-eabi/13.3.1/thumb/v7e-m+fp/hard/crtbegin.o
                0x08007980                        PROVIDE (__init_array_end = .)
                0x08007980                        . = ALIGN (0x4)

.fini_array     0x08007980        0x4
                0x08007980                        . = ALIGN (0x4)
                [!provide]                        PROVIDE (__fini_array_start = .)
 *(SORT_BY_NAME(.fini_array.*))
 *(.fini_array*)
 .fini_array    0x08007980        0x4 C:/ST/STM32CubeIDE_1.17.0/STM32CubeIDE/plugins/com.st.stm32cube.ide.mcu.externaltools.gnu-tools-for-stm32.13.3.rel1.win32_1.0.0.202411081344/tools/bin/../lib/gcc/arm-none-eabi/13.3.1/thumb/v7e-m+fp/hard/crtbegin.o
                [!provide]                        PROVIDE (__fini_array_end = .)
                0x08007984                        . = ALIGN (0x4)
                0x08007984                        _sidata = LOADADDR (.data)

.rel.dyn        0x08007984        0x0
 .rel.iplt      0x08007984        0x0 C:/ST/STM32CubeIDE_1.17.0/STM32CubeIDE/plugins/com.st.stm32cube.ide.mcu.externaltools.gnu-tools-for-stm32.13.3.rel1.win32_1.0.0.202411081344/tools/bin/../lib/gcc/arm-none-eabi/13.3.1/thumb/v7e-m+fp/hard/crtbegin.o

.data           0x20000000       0xcc load address 0x08007984
                0x20000000                        . = ALIGN (0x4)
                0x20000000                        _sdata = .
 *(.data)
 *(.data*)
 .data.instructionArray
                0x20000000        0x2 ./Core/Src/i2c_dma_sens.o
                0x20000000                instructionArray
 *fill*         0x20000002        0x2 
 .data.addressArray
                0x20000004        0x1 ./Core/Src/i2c_dma_sens.o
                0x20000004                addressArray
 *fill*         0x20000005        0x3 
 .data.calibration
                0x20000008       0x10 ./Core/Src/i2c_dma_sens.o
                0x20000008                calibration
 .data.tempcal  0x20000018       0x10 ./Core/Src/i2c_dma_sens.o
                0x20000018                tempcal
 .data.bal1     0x20000028       0x4c ./Core/Src/main.o
                0x20000028                bal1
 .data.bal2     0x20000074       0x4c ./Core/Src/main.o
                0x20000074                bal2
 .data.SystemCoreClock
                0x200000c0        0x4 ./Core/Src/system_stm32g4xx.o
                0x200000c0                SystemCoreClock
 .data.uwTickPrio
                0x200000c4        0x4 ./Drivers/STM32G4xx_HAL_Driver/Src/stm32g4xx_hal.o
                0x200000c4                uwTickPrio
 .data.uwTickFreq
                0x200000c8        0x4 ./Drivers/STM32G4xx_HAL_Driver/Src/stm32g4xx_hal.o
                0x200000c8                uwTickFreq
 *(.RamFunc)
 *(.RamFunc*)
                0x200000cc                        . = ALIGN (0x4)
                0x200000cc                        _edata = .

.igot.plt       0x200000cc        0x0 load address 0x08007a50
 .igot.plt      0x200000cc        0x0 C:/ST/STM32CubeIDE_1.17.0/STM32CubeIDE/plugins/com.st.stm32cube.ide.mcu.externaltools.gnu-tools-for-stm32.13.3.rel1.win32_1.0.0.202411081344/tools/bin/../lib/gcc/arm-none-eabi/13.3.1/thumb/v7e-m+fp/hard/crtbegin.o
                0x200000cc                        . = ALIGN (0x4)

.bss            0x200000cc      0x5ac load address 0x08007a50
                0x200000cc                        _sbss = .
                0x200000cc                        __bss_start__ = _sbss
 *(.bss)
 .bss           0x200000cc       0x1c C:/ST/STM32CubeIDE_1.17.0/STM32CubeIDE/plugins/com.st.stm32cube.ide.mcu.externaltools.gnu-tools-for-stm32.13.3.rel1.win32_1.0.0.202411081344/tools/bin/../lib/gcc/arm-none-eabi/13.3.1/thumb/v7e-m+fp/hard/crtbegin.o
 *(.bss*)
 .bss.currentSensor
                0x200000e8        0x1 ./Core/Src/i2c_dma_sens.o
                0x200000e8                currentSensor
 .bss.dmaStep   0x200000e9        0x1 ./Core/Src/i2c_dma_sens.o
                0x200000e9                dmaStep
 *fill*         0x200000ea        0x2 
 .bss.receiveArray
                0x200000ec        0x5 ./Core/Src/i2c_dma_sens.o
                0x200000ec                receiveArray
 *fill*         0x200000f1        0x3 
 .bss.pressureArray
                0x200000f4       0x10 ./Core/Src/i2c_dma_sens.o
                0x200000f4                pressureArray
 .bss.temperatureArray
                0x20000104       0x10 ./Core/Src/i2c_dma_sens.o
                0x20000104                temperatureArray
 .bss.runningAveragePressure
                0x20000114       0x50 ./Core/Src/i2c_dma_sens.o
                0x20000114                runningAveragePressure
 .bss.runningAverageTemperature
                0x20000164       0x50 ./Core/Src/i2c_dma_sens.o
                0x20000164                runningAverageTemperature
 .bss.hcrc      0x200001b4       0x24 ./Core/Src/main.o
                0x200001b4                hcrc
 .bss.hi2c3     0x200001d8       0x54 ./Core/Src/main.o
                0x200001d8                hi2c3
 .bss.hdma_i2c3_tx
                0x2000022c       0x60 ./Core/Src/main.o
                0x2000022c                hdma_i2c3_tx
 .bss.hdma_i2c3_rx
                0x2000028c       0x60 ./Core/Src/main.o
                0x2000028c                hdma_i2c3_rx
 .bss.huart1    0x200002ec       0x94 ./Core/Src/main.o
                0x200002ec                huart1
 .bss.hdma_usart1_rx
                0x20000380       0x60 ./Core/Src/main.o
                0x20000380                hdma_usart1_rx
 .bss.hdma_usart1_tx
                0x200003e0       0x60 ./Core/Src/main.o
                0x200003e0                hdma_usart1_tx
 .bss.isCon     0x20000440        0x1 ./Core/Src/main.o
                0x20000440                isCon
 .bss.isOn      0x20000441        0x1 ./Core/Src/main.o
                0x20000441                isOn
 *fill*         0x20000442        0x2 
 .bss.nslp_uart
                0x20000444        0x4 ./Core/Src/nslp_dma.o
 .bss.nslp_crc  0x20000448        0x4 ./Core/Src/nslp_dma.o
 .bss.rx_buffer
                0x2000044c      0x106 ./Core/Src/nslp_dma.o
 *fill*         0x20000552        0x2 
 .bss.tx_buffer
                0x20000554      0x106 ./Core/Src/nslp_dma.o
 *fill*         0x2000065a        0x2 
 .bss.rx_callback
                0x2000065c        0x4 ./Core/Src/nslp_dma.o
 .bss.tx_queue  0x20000660       0x10 ./Core/Src/nslp_dma.o
 .bss.tx_tail   0x20000670        0x1 ./Core/Src/nslp_dma.o
 .bss.tx_count  0x20000671        0x1 ./Core/Src/nslp_dma.o
 .bss.tx_busy   0x20000672        0x1 ./Core/Src/nslp_dma.o
 *fill*         0x20000673        0x1 
 .bss.uwTick    0x20000674        0x4 ./Drivers/STM32G4xx_HAL_Driver/Src/stm32g4xx_hal.o
                0x20000674                uwTick
 *(COMMON)
                0x20000678                        . = ALIGN (0x4)
                0x20000678                        _ebss = .
                0x20000678                        __bss_end__ = _ebss

._user_heap_stack
                0x20000678      0x600 load address 0x08007a50
                0x20000678                        . = ALIGN (0x8)
                [!provide]                        PROVIDE (end = .)
                0x20000678                        PROVIDE (_end = .)
                0x20000878                        . = (. + _Min_Heap_Size)
 *fill*         0x20000678      0x200 
                0x20000c78                        . = (. + _Min_Stack_Size)
 *fill*         0x20000878      0x400 
                0x20000c78                        . = ALIGN (0x8)

/DISCARD/
 libc.a(*)
 libm.a(*)
 libgcc.a(*)

.ARM.attributes
                0x00000000       0x30
 *(.ARM.attributes)
 .ARM.attributes
                0x00000000       0x22 C:/ST/STM32CubeIDE_1.17.0/STM32CubeIDE/plugins/com.st.stm32cube.ide.mcu.externaltools.gnu-tools-for-stm32.13.3.rel1.win32_1.0.0.202411081344/tools/bin/../lib/gcc/arm-none-eabi/13.3.1/thumb/v7e-m+fp/hard/crti.o
 .ARM.attributes
                0x00000022       0x34 C:/ST/STM32CubeIDE_1.17.0/STM32CubeIDE/plugins/com.st.stm32cube.ide.mcu.externaltools.gnu-tools-for-stm32.13.3.rel1.win32_1.0.0.202411081344/tools/bin/../lib/gcc/arm-none-eabi/13.3.1/thumb/v7e-m+fp/hard/crtbegin.o
 .ARM.attributes
                0x00000056       0x34 ./Core/Src/i2c_dma_sens.o
 .ARM.attributes
                0x0000008a       0x34 ./Core/Src/main.o
 .ARM.attributes
                0x000000be       0x34 ./Core/Src/nslp_dma.o
 .ARM.attributes
                0x000000f2       0x34 ./Core/Src/stm32g4xx_hal_msp.o
 .ARM.attributes
                0x00000126       0x34 ./Core/Src/stm32g4xx_it.o
 .ARM.attributes
                0x0000015a       0x34 ./Core/Src/system_stm32g4xx.o
 .ARM.attributes
                0x0000018e       0x34 ./Core/Src/valve.o
 .ARM.attributes
                0x000001c2       0x21 ./Core/Startup/startup_stm32g431rbtx.o
 .ARM.attributes
                0x000001e3       0x34 ./Drivers/STM32G4xx_HAL_Driver/Src/stm32g4xx_hal.o
 .ARM.attributes
                0x00000217       0x34 ./Drivers/STM32G4xx_HAL_Driver/Src/stm32g4xx_hal_cortex.o
 .ARM.attributes
                0x0000024b       0x34 ./Drivers/STM32G4xx_HAL_Driver/Src/stm32g4xx_hal_crc.o
 .ARM.attributes
                0x0000027f       0x34 ./Drivers/STM32G4xx_HAL_Driver/Src/stm32g4xx_hal_crc_ex.o
 .ARM.attributes
                0x000002b3       0x34 ./Drivers/STM32G4xx_HAL_Driver/Src/stm32g4xx_hal_dma.o
 .ARM.attributes
                0x000002e7       0x34 ./Drivers/STM32G4xx_HAL_Driver/Src/stm32g4xx_hal_gpio.o
 .ARM.attributes
                0x0000031b       0x34 ./Drivers/STM32G4xx_HAL_Driver/Src/stm32g4xx_hal_i2c.o
 .ARM.attributes
                0x0000034f       0x34 ./Drivers/STM32G4xx_HAL_Driver/Src/stm32g4xx_hal_i2c_ex.o
 .ARM.attributes
                0x00000383       0x34 ./Drivers/STM32G4xx_HAL_Driver/Src/stm32g4xx_hal_pwr_ex.o
 .ARM.attributes
                0x000003b7       0x34 ./Drivers/STM32G4xx_HAL_Driver/Src/stm32g4xx_hal_rcc.o
 .ARM.attributes
                0x000003eb       0x34 ./Drivers/STM32G4xx_HAL_Driver/Src/stm32g4xx_hal_rcc_ex.o
 .ARM.attributes
                0x0000041f       0x34 ./Drivers/STM32G4xx_HAL_Driver/Src/stm32g4xx_hal_uart.o
 .ARM.attributes
                0x00000453       0x34 ./Drivers/STM32G4xx_HAL_Driver/Src/stm32g4xx_hal_uart_ex.o
 .ARM.attributes
                0x00000487       0x34 C:/ST/STM32CubeIDE_1.17.0/STM32CubeIDE/plugins/com.st.stm32cube.ide.mcu.externaltools.gnu-tools-for-stm32.13.3.rel1.win32_1.0.0.202411081344/tools/bin/../lib/gcc/arm-none-eabi/13.3.1/../../../../arm-none-eabi/lib/thumb/v7e-m+fp/hard\libc_nano.a(libc_a-memset.o)
 .ARM.attributes
                0x000004bb       0x34 C:/ST/STM32CubeIDE_1.17.0/STM32CubeIDE/plugins/com.st.stm32cube.ide.mcu.externaltools.gnu-tools-for-stm32.13.3.rel1.win32_1.0.0.202411081344/tools/bin/../lib/gcc/arm-none-eabi/13.3.1/../../../../arm-none-eabi/lib/thumb/v7e-m+fp/hard\libc_nano.a(libc_a-init.o)
 .ARM.attributes
                0x000004ef       0x34 C:/ST/STM32CubeIDE_1.17.0/STM32CubeIDE/plugins/com.st.stm32cube.ide.mcu.externaltools.gnu-tools-for-stm32.13.3.rel1.win32_1.0.0.202411081344/tools/bin/../lib/gcc/arm-none-eabi/13.3.1/../../../../arm-none-eabi/lib/thumb/v7e-m+fp/hard\libc_nano.a(libc_a-memcpy-stub.o)
 .ARM.attributes
                0x00000523       0x22 C:/ST/STM32CubeIDE_1.17.0/STM32CubeIDE/plugins/com.st.stm32cube.ide.mcu.externaltools.gnu-tools-for-stm32.13.3.rel1.win32_1.0.0.202411081344/tools/bin/../lib/gcc/arm-none-eabi/13.3.1/thumb/v7e-m+fp/hard\libgcc.a(_aeabi_uldivmod.o)
 .ARM.attributes
                0x00000545       0x34 C:/ST/STM32CubeIDE_1.17.0/STM32CubeIDE/plugins/com.st.stm32cube.ide.mcu.externaltools.gnu-tools-for-stm32.13.3.rel1.win32_1.0.0.202411081344/tools/bin/../lib/gcc/arm-none-eabi/13.3.1/thumb/v7e-m+fp/hard\libgcc.a(_udivmoddi4.o)
 .ARM.attributes
                0x00000579       0x22 C:/ST/STM32CubeIDE_1.17.0/STM32CubeIDE/plugins/com.st.stm32cube.ide.mcu.externaltools.gnu-tools-for-stm32.13.3.rel1.win32_1.0.0.202411081344/tools/bin/../lib/gcc/arm-none-eabi/13.3.1/thumb/v7e-m+fp/hard\libgcc.a(_dvmd_tls.o)
 .ARM.attributes
                0x0000059b       0x22 C:/ST/STM32CubeIDE_1.17.0/STM32CubeIDE/plugins/com.st.stm32cube.ide.mcu.externaltools.gnu-tools-for-stm32.13.3.rel1.win32_1.0.0.202411081344/tools/bin/../lib/gcc/arm-none-eabi/13.3.1/thumb/v7e-m+fp/hard/crtn.o
OUTPUT(testboardrb.elf elf32-littlearm)
LOAD linker stubs
LOAD C:/ST/STM32CubeIDE_1.17.0/STM32CubeIDE/plugins/com.st.stm32cube.ide.mcu.externaltools.gnu-tools-for-stm32.13.3.rel1.win32_1.0.0.202411081344/tools/bin/../lib/gcc/arm-none-eabi/13.3.1/../../../../arm-none-eabi/lib/thumb/v7e-m+fp/hard\libc.a
LOAD C:/ST/STM32CubeIDE_1.17.0/STM32CubeIDE/plugins/com.st.stm32cube.ide.mcu.externaltools.gnu-tools-for-stm32.13.3.rel1.win32_1.0.0.202411081344/tools/bin/../lib/gcc/arm-none-eabi/13.3.1/../../../../arm-none-eabi/lib/thumb/v7e-m+fp/hard\libm.a
LOAD C:/ST/STM32CubeIDE_1.17.0/STM32CubeIDE/plugins/com.st.stm32cube.ide.mcu.externaltools.gnu-tools-for-stm32.13.3.rel1.win32_1.0.0.202411081344/tools/bin/../lib/gcc/arm-none-eabi/13.3.1/thumb/v7e-m+fp/hard\libgcc.a

.debug_info     0x00000000    0x13296
 .debug_info    0x00000000      0xba0 ./Core/Src/i2c_dma_sens.o
 .debug_info    0x00000ba0     0x19d9 ./Core/Src/main.o
 .debug_info    0x00002579      0xc3a ./Core/Src/nslp_dma.o
 .debug_info    0x000031b3     0x150e ./Core/Src/stm32g4xx_hal_msp.o
 .debug_info    0x000046c1      0xc20 ./Core/Src/stm32g4xx_it.o
 .debug_info    0x000052e1      0x58e ./Core/Src/system_stm32g4xx.o
 .debug_info    0x0000586f      0x451 ./Core/Src/valve.o
 .debug_info    0x00005cc0       0x30 ./Core/Startup/startup_stm32g431rbtx.o
 .debug_info    0x00005cf0      0xadb ./Drivers/STM32G4xx_HAL_Driver/Src/stm32g4xx_hal.o
 .debug_info    0x000067cb      0xd3f ./Drivers/STM32G4xx_HAL_Driver/Src/stm32g4xx_hal_cortex.o
 .debug_info    0x0000750a      0x513 ./Drivers/STM32G4xx_HAL_Driver/Src/stm32g4xx_hal_crc.o
 .debug_info    0x00007a1d      0x326 ./Drivers/STM32G4xx_HAL_Driver/Src/stm32g4xx_hal_crc_ex.o
 .debug_info    0x00007d43      0x85f ./Drivers/STM32G4xx_HAL_Driver/Src/stm32g4xx_hal_dma.o
 .debug_info    0x000085a2      0x763 ./Drivers/STM32G4xx_HAL_Driver/Src/stm32g4xx_hal_gpio.o
 .debug_info    0x00008d05     0x21ea ./Drivers/STM32G4xx_HAL_Driver/Src/stm32g4xx_hal_i2c.o
 .debug_info    0x0000aeef      0xad6 ./Drivers/STM32G4xx_HAL_Driver/Src/stm32g4xx_hal_i2c_ex.o
 .debug_info    0x0000b9c5      0x93f ./Drivers/STM32G4xx_HAL_Driver/Src/stm32g4xx_hal_pwr_ex.o
 .debug_info    0x0000c304      0xb82 ./Drivers/STM32G4xx_HAL_Driver/Src/stm32g4xx_hal_rcc.o
 .debug_info    0x0000ce86      0xc15 ./Drivers/STM32G4xx_HAL_Driver/Src/stm32g4xx_hal_rcc_ex.o
 .debug_info    0x0000da9b     0x481e ./Drivers/STM32G4xx_HAL_Driver/Src/stm32g4xx_hal_uart.o
 .debug_info    0x000122b9      0xfdd ./Drivers/STM32G4xx_HAL_Driver/Src/stm32g4xx_hal_uart_ex.o

.debug_abbrev   0x00000000     0x2bb9
 .debug_abbrev  0x00000000      0x22f ./Core/Src/i2c_dma_sens.o
 .debug_abbrev  0x0000022f      0x311 ./Core/Src/main.o
 .debug_abbrev  0x00000540      0x1ec ./Core/Src/nslp_dma.o
 .debug_abbrev  0x0000072c      0x269 ./Core/Src/stm32g4xx_hal_msp.o
 .debug_abbrev  0x00000995      0x198 ./Core/Src/stm32g4xx_it.o
 .debug_abbrev  0x00000b2d      0x11a ./Core/Src/system_stm32g4xx.o
 .debug_abbrev  0x00000c47      0x194 ./Core/Src/valve.o
 .debug_abbrev  0x00000ddb       0x24 ./Core/Startup/startup_stm32g431rbtx.o
 .debug_abbrev  0x00000dff      0x271 ./Drivers/STM32G4xx_HAL_Driver/Src/stm32g4xx_hal.o
 .debug_abbrev  0x00001070      0x31c ./Drivers/STM32G4xx_HAL_Driver/Src/stm32g4xx_hal_cortex.o
 .debug_abbrev  0x0000138c      0x1ee ./Drivers/STM32G4xx_HAL_Driver/Src/stm32g4xx_hal_crc.o
 .debug_abbrev  0x0000157a      0x151 ./Drivers/STM32G4xx_HAL_Driver/Src/stm32g4xx_hal_crc_ex.o
 .debug_abbrev  0x000016cb      0x1e2 ./Drivers/STM32G4xx_HAL_Driver/Src/stm32g4xx_hal_dma.o
 .debug_abbrev  0x000018ad      0x1cb ./Drivers/STM32G4xx_HAL_Driver/Src/stm32g4xx_hal_gpio.o
 .debug_abbrev  0x00001a78      0x25e ./Drivers/STM32G4xx_HAL_Driver/Src/stm32g4xx_hal_i2c.o
 .debug_abbrev  0x00001cd6      0x1c0 ./Drivers/STM32G4xx_HAL_Driver/Src/stm32g4xx_hal_i2c_ex.o
 .debug_abbrev  0x00001e96      0x22c ./Drivers/STM32G4xx_HAL_Driver/Src/stm32g4xx_hal_pwr_ex.o
 .debug_abbrev  0x000020c2      0x2c9 ./Drivers/STM32G4xx_HAL_Driver/Src/stm32g4xx_hal_rcc.o
 .debug_abbrev  0x0000238b      0x258 ./Drivers/STM32G4xx_HAL_Driver/Src/stm32g4xx_hal_rcc_ex.o
 .debug_abbrev  0x000025e3      0x304 ./Drivers/STM32G4xx_HAL_Driver/Src/stm32g4xx_hal_uart.o
 .debug_abbrev  0x000028e7      0x2d2 ./Drivers/STM32G4xx_HAL_Driver/Src/stm32g4xx_hal_uart_ex.o

.debug_aranges  0x00000000      0xea8
 .debug_aranges
                0x00000000       0x48 ./Core/Src/i2c_dma_sens.o
 .debug_aranges
                0x00000048       0x60 ./Core/Src/main.o
 .debug_aranges
                0x000000a8       0x48 ./Core/Src/nslp_dma.o
 .debug_aranges
                0x000000f0       0x50 ./Core/Src/stm32g4xx_hal_msp.o
 .debug_aranges
                0x00000140       0x98 ./Core/Src/stm32g4xx_it.o
 .debug_aranges
                0x000001d8       0x28 ./Core/Src/system_stm32g4xx.o
 .debug_aranges
                0x00000200       0x38 ./Core/Src/valve.o
 .debug_aranges
                0x00000238       0x28 ./Core/Startup/startup_stm32g431rbtx.o
 .debug_aranges
                0x00000260      0x148 ./Drivers/STM32G4xx_HAL_Driver/Src/stm32g4xx_hal.o
 .debug_aranges
                0x000003a8      0x128 ./Drivers/STM32G4xx_HAL_Driver/Src/stm32g4xx_hal_cortex.o
 .debug_aranges
                0x000004d0       0x60 ./Drivers/STM32G4xx_HAL_Driver/Src/stm32g4xx_hal_crc.o
 .debug_aranges
                0x00000530       0x30 ./Drivers/STM32G4xx_HAL_Driver/Src/stm32g4xx_hal_crc_ex.o
 .debug_aranges
                0x00000560       0x90 ./Drivers/STM32G4xx_HAL_Driver/Src/stm32g4xx_hal_dma.o
 .debug_aranges
                0x000005f0       0x58 ./Drivers/STM32G4xx_HAL_Driver/Src/stm32g4xx_hal_gpio.o
 .debug_aranges
                0x00000648      0x2a0 ./Drivers/STM32G4xx_HAL_Driver/Src/stm32g4xx_hal_i2c.o
 .debug_aranges
                0x000008e8       0x48 ./Drivers/STM32G4xx_HAL_Driver/Src/stm32g4xx_hal_i2c_ex.o
 .debug_aranges
                0x00000930      0x140 ./Drivers/STM32G4xx_HAL_Driver/Src/stm32g4xx_hal_pwr_ex.o
 .debug_aranges
                0x00000a70       0x98 ./Drivers/STM32G4xx_HAL_Driver/Src/stm32g4xx_hal_rcc.o
 .debug_aranges
                0x00000b08       0xb0 ./Drivers/STM32G4xx_HAL_Driver/Src/stm32g4xx_hal_rcc_ex.o
 .debug_aranges
                0x00000bb8      0x248 ./Drivers/STM32G4xx_HAL_Driver/Src/stm32g4xx_hal_uart.o
 .debug_aranges
                0x00000e00       0xa8 ./Drivers/STM32G4xx_HAL_Driver/Src/stm32g4xx_hal_uart_ex.o

.debug_rnglists
                0x00000000      0xb52
 .debug_rnglists
                0x00000000       0x32 ./Core/Src/i2c_dma_sens.o
 .debug_rnglists
                0x00000032       0x48 ./Core/Src/main.o
 .debug_rnglists
                0x0000007a       0x33 ./Core/Src/nslp_dma.o
 .debug_rnglists
                0x000000ad       0x39 ./Core/Src/stm32g4xx_hal_msp.o
 .debug_rnglists
                0x000000e6       0x6d ./Core/Src/stm32g4xx_it.o
 .debug_rnglists
                0x00000153       0x1a ./Core/Src/system_stm32g4xx.o
 .debug_rnglists
                0x0000016d       0x28 ./Core/Src/valve.o
 .debug_rnglists
                0x00000195       0x19 ./Core/Startup/startup_stm32g431rbtx.o
 .debug_rnglists
                0x000001ae       0xf1 ./Drivers/STM32G4xx_HAL_Driver/Src/stm32g4xx_hal.o
 .debug_rnglists
                0x0000029f       0xda ./Drivers/STM32G4xx_HAL_Driver/Src/stm32g4xx_hal_cortex.o
 .debug_rnglists
                0x00000379       0x47 ./Drivers/STM32G4xx_HAL_Driver/Src/stm32g4xx_hal_crc.o
 .debug_rnglists
                0x000003c0       0x20 ./Drivers/STM32G4xx_HAL_Driver/Src/stm32g4xx_hal_crc_ex.o
 .debug_rnglists
                0x000003e0       0x71 ./Drivers/STM32G4xx_HAL_Driver/Src/stm32g4xx_hal_dma.o
 .debug_rnglists
                0x00000451       0x3f ./Drivers/STM32G4xx_HAL_Driver/Src/stm32g4xx_hal_gpio.o
 .debug_rnglists
                0x00000490      0x228 ./Drivers/STM32G4xx_HAL_Driver/Src/stm32g4xx_hal_i2c.o
 .debug_rnglists
                0x000006b8       0x35 ./Drivers/STM32G4xx_HAL_Driver/Src/stm32g4xx_hal_i2c_ex.o
 .debug_rnglists
                0x000006ed       0xf1 ./Drivers/STM32G4xx_HAL_Driver/Src/stm32g4xx_hal_pwr_ex.o
 .debug_rnglists
                0x000007de       0x74 ./Drivers/STM32G4xx_HAL_Driver/Src/stm32g4xx_hal_rcc.o
 .debug_rnglists
                0x00000852       0x87 ./Drivers/STM32G4xx_HAL_Driver/Src/stm32g4xx_hal_rcc_ex.o
 .debug_rnglists
                0x000008d9      0x1fa ./Drivers/STM32G4xx_HAL_Driver/Src/stm32g4xx_hal_uart.o
 .debug_rnglists
                0x00000ad3       0x7f ./Drivers/STM32G4xx_HAL_Driver/Src/stm32g4xx_hal_uart_ex.o

.debug_macro    0x00000000    0x1e0f3
 .debug_macro   0x00000000      0x1f6 ./Core/Src/i2c_dma_sens.o
 .debug_macro   0x000001f6      0xad8 ./Core/Src/i2c_dma_sens.o
 .debug_macro   0x00000cce      0x161 ./Core/Src/i2c_dma_sens.o
 .debug_macro   0x00000e2f       0x2e ./Core/Src/i2c_dma_sens.o
 .debug_macro   0x00000e5d       0x28 ./Core/Src/i2c_dma_sens.o
 .debug_macro   0x00000e85       0x22 ./Core/Src/i2c_dma_sens.o
 .debug_macro   0x00000ea7       0x8e ./Core/Src/i2c_dma_sens.o
 .debug_macro   0x00000f35       0x51 ./Core/Src/i2c_dma_sens.o
 .debug_macro   0x00000f86      0x103 ./Core/Src/i2c_dma_sens.o
 .debug_macro   0x00001089       0x6a ./Core/Src/i2c_dma_sens.o
 .debug_macro   0x000010f3      0x1df ./Core/Src/i2c_dma_sens.o
 .debug_macro   0x000012d2       0x1c ./Core/Src/i2c_dma_sens.o
 .debug_macro   0x000012ee       0x22 ./Core/Src/i2c_dma_sens.o
 .debug_macro   0x00001310       0xfb ./Core/Src/i2c_dma_sens.o
 .debug_macro   0x0000140b     0x1011 ./Core/Src/i2c_dma_sens.o
 .debug_macro   0x0000241c      0x11f ./Core/Src/i2c_dma_sens.o
 .debug_macro   0x0000253b    0x1138f ./Core/Src/i2c_dma_sens.o
 .debug_macro   0x000138ca       0x6d ./Core/Src/i2c_dma_sens.o
 .debug_macro   0x00013937     0x3558 ./Core/Src/i2c_dma_sens.o
 .debug_macro   0x00016e8f      0x190 ./Core/Src/i2c_dma_sens.o
 .debug_macro   0x0001701f       0x5c ./Core/Src/i2c_dma_sens.o
 .debug_macro   0x0001707b     0x141d ./Core/Src/i2c_dma_sens.o
 .debug_macro   0x00018498      0x535 ./Core/Src/i2c_dma_sens.o
 .debug_macro   0x000189cd      0x1b6 ./Core/Src/i2c_dma_sens.o
 .debug_macro   0x00018b83      0x288 ./Core/Src/i2c_dma_sens.o
 .debug_macro   0x00018e0b      0x41d ./Core/Src/i2c_dma_sens.o
 .debug_macro   0x00019228      0x18b ./Core/Src/i2c_dma_sens.o
 .debug_macro   0x000193b3       0x43 ./Core/Src/i2c_dma_sens.o
 .debug_macro   0x000193f6      0x23d ./Core/Src/i2c_dma_sens.o
 .debug_macro   0x00019633       0xc7 ./Core/Src/i2c_dma_sens.o
 .debug_macro   0x000196fa       0x4c ./Core/Src/i2c_dma_sens.o
 .debug_macro   0x00019746      0x211 ./Core/Src/i2c_dma_sens.o
 .debug_macro   0x00019957      0x401 ./Core/Src/i2c_dma_sens.o
 .debug_macro   0x00019d58      0x107 ./Core/Src/i2c_dma_sens.o
 .debug_macro   0x00019e5f      0x22c ./Core/Src/i2c_dma_sens.o
 .debug_macro   0x0001a08b       0x61 ./Core/Src/i2c_dma_sens.o
 .debug_macro   0x0001a0ec       0xa5 ./Core/Src/i2c_dma_sens.o
 .debug_macro   0x0001a191      0x122 ./Core/Src/i2c_dma_sens.o
 .debug_macro   0x0001a2b3      0x3d1 ./Core/Src/i2c_dma_sens.o
 .debug_macro   0x0001a684      0x693 ./Core/Src/i2c_dma_sens.o
 .debug_macro   0x0001ad17       0xa6 ./Core/Src/i2c_dma_sens.o
 .debug_macro   0x0001adbd      0x306 ./Core/Src/i2c_dma_sens.o
 .debug_macro   0x0001b0c3       0x34 ./Core/Src/i2c_dma_sens.o
 .debug_macro   0x0001b0f7      0x20d ./Core/Src/main.o
 .debug_macro   0x0001b304       0x34 ./Core/Src/main.o
 .debug_macro   0x0001b338       0x3a ./Core/Src/main.o
 .debug_macro   0x0001b372      0x2c4 ./Core/Src/nslp_dma.o
 .debug_macro   0x0001b636       0x2e ./Core/Src/nslp_dma.o
 .debug_macro   0x0001b664       0x61 ./Core/Src/nslp_dma.o
 .debug_macro   0x0001b6c5       0x2a ./Core/Src/nslp_dma.o
 .debug_macro   0x0001b6ef       0x43 ./Core/Src/nslp_dma.o
 .debug_macro   0x0001b732       0x34 ./Core/Src/nslp_dma.o
 .debug_macro   0x0001b766      0x370 ./Core/Src/nslp_dma.o
 .debug_macro   0x0001bad6       0x16 ./Core/Src/nslp_dma.o
 .debug_macro   0x0001baec       0x4a ./Core/Src/nslp_dma.o
 .debug_macro   0x0001bb36       0x34 ./Core/Src/nslp_dma.o
 .debug_macro   0x0001bb6a       0x10 ./Core/Src/nslp_dma.o
 .debug_macro   0x0001bb7a       0x58 ./Core/Src/nslp_dma.o
 .debug_macro   0x0001bbd2       0x8e ./Core/Src/nslp_dma.o
 .debug_macro   0x0001bc60       0x1c ./Core/Src/nslp_dma.o
 .debug_macro   0x0001bc7c      0x185 ./Core/Src/nslp_dma.o
 .debug_macro   0x0001be01       0x10 ./Core/Src/nslp_dma.o
 .debug_macro   0x0001be11       0x3c ./Core/Src/nslp_dma.o
 .debug_macro   0x0001be4d       0x20 ./Core/Src/nslp_dma.o
 .debug_macro   0x0001be6d      0x1f1 ./Core/Src/stm32g4xx_hal_msp.o
 .debug_macro   0x0001c05e      0x1fb ./Core/Src/stm32g4xx_it.o
 .debug_macro   0x0001c259      0x1e7 ./Core/Src/system_stm32g4xx.o
 .debug_macro   0x0001c440      0x20a ./Core/Src/valve.o
 .debug_macro   0x0001c64a      0x235 ./Drivers/STM32G4xx_HAL_Driver/Src/stm32g4xx_hal.o
 .debug_macro   0x0001c87f      0x1e7 ./Drivers/STM32G4xx_HAL_Driver/Src/stm32g4xx_hal_cortex.o
 .debug_macro   0x0001ca66      0x1e7 ./Drivers/STM32G4xx_HAL_Driver/Src/stm32g4xx_hal_crc.o
 .debug_macro   0x0001cc4d      0x1e7 ./Drivers/STM32G4xx_HAL_Driver/Src/stm32g4xx_hal_crc_ex.o
 .debug_macro   0x0001ce34      0x1e7 ./Drivers/STM32G4xx_HAL_Driver/Src/stm32g4xx_hal_dma.o
 .debug_macro   0x0001d01b      0x1ee ./Drivers/STM32G4xx_HAL_Driver/Src/stm32g4xx_hal_gpio.o
 .debug_macro   0x0001d209      0x2b3 ./Drivers/STM32G4xx_HAL_Driver/Src/stm32g4xx_hal_i2c.o
 .debug_macro   0x0001d4bc      0x1e7 ./Drivers/STM32G4xx_HAL_Driver/Src/stm32g4xx_hal_i2c_ex.o
 .debug_macro   0x0001d6a3      0x211 ./Drivers/STM32G4xx_HAL_Driver/Src/stm32g4xx_hal_pwr_ex.o
 .debug_macro   0x0001d8b4      0x229 ./Drivers/STM32G4xx_HAL_Driver/Src/stm32g4xx_hal_rcc.o
 .debug_macro   0x0001dadd      0x211 ./Drivers/STM32G4xx_HAL_Driver/Src/stm32g4xx_hal_rcc_ex.o
 .debug_macro   0x0001dcee      0x212 ./Drivers/STM32G4xx_HAL_Driver/Src/stm32g4xx_hal_uart.o
 .debug_macro   0x0001df00      0x1f3 ./Drivers/STM32G4xx_HAL_Driver/Src/stm32g4xx_hal_uart_ex.o

.debug_line     0x00000000    0x13c43
 .debug_line    0x00000000      0x979 ./Core/Src/i2c_dma_sens.o
 .debug_line    0x00000979      0xa7c ./Core/Src/main.o
 .debug_line    0x000013f5      0xa5d ./Core/Src/nslp_dma.o
 .debug_line    0x00001e52      0x946 ./Core/Src/stm32g4xx_hal_msp.o
 .debug_line    0x00002798      0x8e9 ./Core/Src/stm32g4xx_it.o
 .debug_line    0x00003081      0x7ff ./Core/Src/system_stm32g4xx.o
 .debug_line    0x00003880      0xb06 ./Core/Src/valve.o
 .debug_line    0x00004386       0x7b ./Core/Startup/startup_stm32g431rbtx.o
 .debug_line    0x00004401      0xbcb ./Drivers/STM32G4xx_HAL_Driver/Src/stm32g4xx_hal.o
 .debug_line    0x00004fcc      0xd30 ./Drivers/STM32G4xx_HAL_Driver/Src/stm32g4xx_hal_cortex.o
 .debug_line    0x00005cfc      0xa51 ./Drivers/STM32G4xx_HAL_Driver/Src/stm32g4xx_hal_crc.o
 .debug_line    0x0000674d      0x84f ./Drivers/STM32G4xx_HAL_Driver/Src/stm32g4xx_hal_crc_ex.o
 .debug_line    0x00006f9c      0xeca ./Drivers/STM32G4xx_HAL_Driver/Src/stm32g4xx_hal_dma.o
 .debug_line    0x00007e66      0xba4 ./Drivers/STM32G4xx_HAL_Driver/Src/stm32g4xx_hal_gpio.o
 .debug_line    0x00008a0a     0x375f ./Drivers/STM32G4xx_HAL_Driver/Src/stm32g4xx_hal_i2c.o
 .debug_line    0x0000c169      0x8f8 ./Drivers/STM32G4xx_HAL_Driver/Src/stm32g4xx_hal_i2c_ex.o
 .debug_line    0x0000ca61      0xd2a ./Drivers/STM32G4xx_HAL_Driver/Src/stm32g4xx_hal_pwr_ex.o
 .debug_line    0x0000d78b     0x104e ./Drivers/STM32G4xx_HAL_Driver/Src/stm32g4xx_hal_rcc.o
 .debug_line    0x0000e7d9     0x117a ./Drivers/STM32G4xx_HAL_Driver/Src/stm32g4xx_hal_rcc_ex.o
 .debug_line    0x0000f953     0x35f0 ./Drivers/STM32G4xx_HAL_Driver/Src/stm32g4xx_hal_uart.o
 .debug_line    0x00012f43      0xd00 ./Drivers/STM32G4xx_HAL_Driver/Src/stm32g4xx_hal_uart_ex.o

.debug_str      0x00000000    0xba349
 .debug_str     0x00000000    0xba349 ./Core/Src/i2c_dma_sens.o
                              0xb2910 (size before relaxing)
 .debug_str     0x000ba349    0xb36ef ./Core/Src/main.o
 .debug_str     0x000ba349    0xb5b46 ./Core/Src/nslp_dma.o
 .debug_str     0x000ba349    0xb3289 ./Core/Src/stm32g4xx_hal_msp.o
 .debug_str     0x000ba349    0xb2a17 ./Core/Src/stm32g4xx_it.o
 .debug_str     0x000ba349    0xb2233 ./Core/Src/system_stm32g4xx.o
 .debug_str     0x000ba349    0xb2327 ./Core/Src/valve.o
 .debug_str     0x000ba349       0x8e ./Core/Startup/startup_stm32g431rbtx.o
 .debug_str     0x000ba349    0xb2d72 ./Drivers/STM32G4xx_HAL_Driver/Src/stm32g4xx_hal.o
 .debug_str     0x000ba349    0xb2a2e ./Drivers/STM32G4xx_HAL_Driver/Src/stm32g4xx_hal_cortex.o
 .debug_str     0x000ba349    0xb22ea ./Drivers/STM32G4xx_HAL_Driver/Src/stm32g4xx_hal_crc.o
 .debug_str     0x000ba349    0xb2290 ./Drivers/STM32G4xx_HAL_Driver/Src/stm32g4xx_hal_crc_ex.o
 .debug_str     0x000ba349    0xb260d ./Drivers/STM32G4xx_HAL_Driver/Src/stm32g4xx_hal_dma.o
 .debug_str     0x000ba349    0xb23be ./Drivers/STM32G4xx_HAL_Driver/Src/stm32g4xx_hal_gpio.o
 .debug_str     0x000ba349    0xb353d ./Drivers/STM32G4xx_HAL_Driver/Src/stm32g4xx_hal_i2c.o
 .debug_str     0x000ba349    0xb2852 ./Drivers/STM32G4xx_HAL_Driver/Src/stm32g4xx_hal_i2c_ex.o
 .debug_str     0x000ba349    0xb2721 ./Drivers/STM32G4xx_HAL_Driver/Src/stm32g4xx_hal_pwr_ex.o
 .debug_str     0x000ba349    0xb292c ./Drivers/STM32G4xx_HAL_Driver/Src/stm32g4xx_hal_rcc.o
 .debug_str     0x000ba349    0xb292d ./Drivers/STM32G4xx_HAL_Driver/Src/stm32g4xx_hal_rcc_ex.o
 .debug_str     0x000ba349    0xb31ee ./Drivers/STM32G4xx_HAL_Driver/Src/stm32g4xx_hal_uart.o
 .debug_str     0x000ba349    0xb29ec ./Drivers/STM32G4xx_HAL_Driver/Src/stm32g4xx_hal_uart_ex.o

.comment        0x00000000       0x43
 .comment       0x00000000       0x43 ./Core/Src/i2c_dma_sens.o
                                 0x44 (size before relaxing)
 .comment       0x00000043       0x44 ./Core/Src/main.o
 .comment       0x00000043       0x44 ./Core/Src/nslp_dma.o
 .comment       0x00000043       0x44 ./Core/Src/stm32g4xx_hal_msp.o
 .comment       0x00000043       0x44 ./Core/Src/stm32g4xx_it.o
 .comment       0x00000043       0x44 ./Core/Src/system_stm32g4xx.o
 .comment       0x00000043       0x44 ./Core/Src/valve.o
 .comment       0x00000043       0x44 ./Drivers/STM32G4xx_HAL_Driver/Src/stm32g4xx_hal.o
 .comment       0x00000043       0x44 ./Drivers/STM32G4xx_HAL_Driver/Src/stm32g4xx_hal_cortex.o
 .comment       0x00000043       0x44 ./Drivers/STM32G4xx_HAL_Driver/Src/stm32g4xx_hal_crc.o
 .comment       0x00000043       0x44 ./Drivers/STM32G4xx_HAL_Driver/Src/stm32g4xx_hal_crc_ex.o
 .comment       0x00000043       0x44 ./Drivers/STM32G4xx_HAL_Driver/Src/stm32g4xx_hal_dma.o
 .comment       0x00000043       0x44 ./Drivers/STM32G4xx_HAL_Driver/Src/stm32g4xx_hal_gpio.o
 .comment       0x00000043       0x44 ./Drivers/STM32G4xx_HAL_Driver/Src/stm32g4xx_hal_i2c.o
 .comment       0x00000043       0x44 ./Drivers/STM32G4xx_HAL_Driver/Src/stm32g4xx_hal_i2c_ex.o
 .comment       0x00000043       0x44 ./Drivers/STM32G4xx_HAL_Driver/Src/stm32g4xx_hal_pwr_ex.o
 .comment       0x00000043       0x44 ./Drivers/STM32G4xx_HAL_Driver/Src/stm32g4xx_hal_rcc.o
 .comment       0x00000043       0x44 ./Drivers/STM32G4xx_HAL_Driver/Src/stm32g4xx_hal_rcc_ex.o
 .comment       0x00000043       0x44 ./Drivers/STM32G4xx_HAL_Driver/Src/stm32g4xx_hal_uart.o
 .comment       0x00000043       0x44 ./Drivers/STM32G4xx_HAL_Driver/Src/stm32g4xx_hal_uart_ex.o

.debug_frame    0x00000000     0x3b98
 .debug_frame   0x00000000       0xe8 ./Core/Src/i2c_dma_sens.o
 .debug_frame   0x000000e8      0x130 ./Core/Src/main.o
 .debug_frame   0x00000218       0xec ./Core/Src/nslp_dma.o
 .debug_frame   0x00000304      0x114 ./Core/Src/stm32g4xx_hal_msp.o
 .debug_frame   0x00000418      0x1c8 ./Core/Src/stm32g4xx_it.o
 .debug_frame   0x000005e0       0x58 ./Core/Src/system_stm32g4xx.o
 .debug_frame   0x00000638       0xac ./Core/Src/valve.o
 .debug_frame   0x000006e4      0x500 ./Drivers/STM32G4xx_HAL_Driver/Src/stm32g4xx_hal.o
 .debug_frame   0x00000be4      0x4e8 ./Drivers/STM32G4xx_HAL_Driver/Src/stm32g4xx_hal_cortex.o
 .debug_frame   0x000010cc      0x168 ./Drivers/STM32G4xx_HAL_Driver/Src/stm32g4xx_hal_crc.o
 .debug_frame   0x00001234       0x88 ./Drivers/STM32G4xx_HAL_Driver/Src/stm32g4xx_hal_crc_ex.o
 .debug_frame   0x000012bc      0x24c ./Drivers/STM32G4xx_HAL_Driver/Src/stm32g4xx_hal_dma.o
 .debug_frame   0x00001508      0x14c ./Drivers/STM32G4xx_HAL_Driver/Src/stm32g4xx_hal_gpio.o
 .debug_frame   0x00001654      0xc38 ./Drivers/STM32G4xx_HAL_Driver/Src/stm32g4xx_hal_i2c.o
 .debug_frame   0x0000228c      0x100 ./Drivers/STM32G4xx_HAL_Driver/Src/stm32g4xx_hal_i2c_ex.o
 .debug_frame   0x0000238c      0x4fc ./Drivers/STM32G4xx_HAL_Driver/Src/stm32g4xx_hal_pwr_ex.o
 .debug_frame   0x00002888      0x23c ./Drivers/STM32G4xx_HAL_Driver/Src/stm32g4xx_hal_rcc.o
 .debug_frame   0x00002ac4      0x2ac ./Drivers/STM32G4xx_HAL_Driver/Src/stm32g4xx_hal_rcc_ex.o
 .debug_frame   0x00002d70      0xa94 ./Drivers/STM32G4xx_HAL_Driver/Src/stm32g4xx_hal_uart.o
 .debug_frame   0x00003804      0x2c0 ./Drivers/STM32G4xx_HAL_Driver/Src/stm32g4xx_hal_uart_ex.o
 .debug_frame   0x00003ac4       0x20 C:/ST/STM32CubeIDE_1.17.0/STM32CubeIDE/plugins/com.st.stm32cube.ide.mcu.externaltools.gnu-tools-for-stm32.13.3.rel1.win32_1.0.0.202411081344/tools/bin/../lib/gcc/arm-none-eabi/13.3.1/../../../../arm-none-eabi/lib/thumb/v7e-m+fp/hard\libc_nano.a(libc_a-memset.o)
 .debug_frame   0x00003ae4       0x2c C:/ST/STM32CubeIDE_1.17.0/STM32CubeIDE/plugins/com.st.stm32cube.ide.mcu.externaltools.gnu-tools-for-stm32.13.3.rel1.win32_1.0.0.202411081344/tools/bin/../lib/gcc/arm-none-eabi/13.3.1/../../../../arm-none-eabi/lib/thumb/v7e-m+fp/hard\libc_nano.a(libc_a-init.o)
 .debug_frame   0x00003b10       0x28 C:/ST/STM32CubeIDE_1.17.0/STM32CubeIDE/plugins/com.st.stm32cube.ide.mcu.externaltools.gnu-tools-for-stm32.13.3.rel1.win32_1.0.0.202411081344/tools/bin/../lib/gcc/arm-none-eabi/13.3.1/../../../../arm-none-eabi/lib/thumb/v7e-m+fp/hard\libc_nano.a(libc_a-memcpy-stub.o)
 .debug_frame   0x00003b38       0x2c C:/ST/STM32CubeIDE_1.17.0/STM32CubeIDE/plugins/com.st.stm32cube.ide.mcu.externaltools.gnu-tools-for-stm32.13.3.rel1.win32_1.0.0.202411081344/tools/bin/../lib/gcc/arm-none-eabi/13.3.1/thumb/v7e-m+fp/hard\libgcc.a(_aeabi_uldivmod.o)
 .debug_frame   0x00003b64       0x34 C:/ST/STM32CubeIDE_1.17.0/STM32CubeIDE/plugins/com.st.stm32cube.ide.mcu.externaltools.gnu-tools-for-stm32.13.3.rel1.win32_1.0.0.202411081344/tools/bin/../lib/gcc/arm-none-eabi/13.3.1/thumb/v7e-m+fp/hard\libgcc.a(_udivmoddi4.o)

.debug_line_str
                0x00000000       0x72
 .debug_line_str
                0x00000000       0x72 ./Core/Startup/startup_stm32g431rbtx.o
