../Core/Src/main.c:96:6:selectMuxPin	24	static
../Core/Src/main.c:114:6:muxInit	16	static
../Core/Src/main.c:127:6:startSensorReadSequence	8	static
../Core/Src/main.c:134:6:HAL_I2C_MasterTxCpltCallback	16	static
../Core/Src/main.c:146:6:HAL_I2C_MasterRxCpltCallback	72	static
../Core/Src/main.c:212:5:main	264	static
../Core/Src/main.c:393:6:SystemClock_Config	88	static
../Core/Src/main.c:434:13:MX_I2C3_Init	8	static
../Core/Src/main.c:481:13:MX_DMA_Init	16	static
../Core/Src/main.c:503:13:MX_GPIO_Init	48	static
../Core/Src/main.c:559:6:Error_Handler	4	static,ignoring_inline_asm
