../Drivers/CMSIS/Include/core_cm4.h:1933:34:__NVIC_SystemReset	4	static,ignoring_inline_asm
../Core/Src/main.c:131:6:on_packet_received	16	static
../Core/Src/main.c:196:5:main	112	static
../Core/Src/main.c:418:6:SystemClock_Config	88	static
../Core/Src/main.c:465:13:MX_CRC_Init	8	static
../Core/Src/main.c:496:13:MX_I2C3_Init	8	static
../Core/Src/main.c:549:13:MX_USART1_UART_Init	8	static
../Core/Src/main.c:595:13:MX_DMA_Init	24	static
../Core/Src/main.c:627:13:MX_GPIO_Init	56	static
../Core/Src/main.c:732:6:Error_Handler	8	static,ignoring_inline_asm
